Copyright 1986-2017 Xilinx, Inc. All Rights Reserved.
----------------------------------------------------------------------------------------------
| Tool Version : Vivado v.2017.2 (win64) Build 1909853 Thu Jun 15 18:39:09 MDT 2017
| Date         : Thu May  2 22:52:41 2019
| Host         : BLACKHOLE running 64-bit major release  (build 9200)
| Command      : report_clock_utilization -file zynq_soc_wrapper_clock_utilization_routed.rpt
| Design       : zynq_soc_wrapper
| Device       : 7z020-clg484
| Speed File   : -1  PRODUCTION 1.11 2014-09-11
----------------------------------------------------------------------------------------------

Clock Utilization Report

Table of Contents
-----------------
1. Clock Primitive Utilization
2. Global Clock Resources
3. Global Clock Source Details
4. Local Clock Details
5. Clock Regions: Key Resource Utilization
6. Clock Regions : Global Clock Summary
7. Device Cell Placement Summary for Global Clock g0
8. Device Cell Placement Summary for Global Clock g1
9. Device Cell Placement Summary for Global Clock g2
10. Device Cell Placement Summary for Global Clock g3
11. Device Cell Placement Summary for Global Clock g4
12. Device Cell Placement Summary for Global Clock g5
13. Device Cell Placement Summary for Global Clock g6
14. Clock Region Cell Placement per Global Clock: Region X0Y0
15. Clock Region Cell Placement per Global Clock: Region X1Y0
16. Clock Region Cell Placement per Global Clock: Region X0Y1
17. Clock Region Cell Placement per Global Clock: Region X1Y1
18. Clock Region Cell Placement per Global Clock: Region X0Y2
19. Clock Region Cell Placement per Global Clock: Region X1Y2

1. Clock Primitive Utilization
------------------------------

+----------+------+-----------+-----+--------------+--------+
| Type     | Used | Available | LOC | Clock Region | Pblock |
+----------+------+-----------+-----+--------------+--------+
| BUFGCTRL |    7 |        32 |   0 |            0 |      0 |
| BUFH     |    0 |        72 |   0 |            0 |      0 |
| BUFIO    |    0 |        16 |   0 |            0 |      0 |
| BUFMR    |    0 |         8 |   0 |            0 |      0 |
| BUFR     |    0 |        16 |   0 |            0 |      0 |
| MMCM     |    1 |         4 |   0 |            0 |      0 |
| PLL      |    0 |         4 |   0 |            0 |      0 |
+----------+------+-----------+-----+--------------+--------+


2. Global Clock Resources
-------------------------

+-----------+-----------+-----------------+------------+----------------+--------------+-------------------+-------------+-----------------+--------------+------------------------------------+---------------------------------------------------------------------------+-----------------------------------------------------------------------+
| Global Id | Source Id | Driver Type/Pin | Constraint | Site           | Clock Region | Load Clock Region | Clock Loads | Non-Clock Loads | Clock Period | Clock                              | Driver Pin                                                                | Net                                                                   |
+-----------+-----------+-----------------+------------+----------------+--------------+-------------------+-------------+-----------------+--------------+------------------------------------+---------------------------------------------------------------------------+-----------------------------------------------------------------------+
| g0        | src0      | BUFG/O          | None       | BUFGCTRL_X0Y16 | n/a          |                 6 |       16451 |               0 |        7.000 | clk_fpga_0                         | zynq_soc_i/PS_VIDEO/PS/TO_PS/PS7/inst/buffer_fclk_clk_0.FCLK_CLK_0_BUFG/O | zynq_soc_i/PS_VIDEO/PS/TO_PS/PS7/inst/FCLK_CLK0                       |
| g1        | src1      | BUFG/O          | None       | BUFGCTRL_X0Y0  | n/a          |                 6 |        2031 |               0 |        6.735 | clk_out1_zynq_soc_CLK_GEN_148MHZ_0 | zynq_soc_i/CLK_GEN_148MHZ/inst/clkout1_buf/O                              | zynq_soc_i/CLK_GEN_148MHZ/inst/clk_out1                               |
| g2        | src0      | BUFG/O          | None       | BUFGCTRL_X0Y17 | n/a          |                 2 |         942 |               0 |       12.999 | clk_fpga_2                         | zynq_soc_i/PS_VIDEO/PS/TO_PS/PS7/inst/buffer_fclk_clk_2.FCLK_CLK_2_BUFG/O | zynq_soc_i/PS_VIDEO/PS/TO_PS/PS7/inst/FCLK_CLK2                       |
| g3        | src2      | BUFG/O          | None       | BUFGCTRL_X0Y2  | n/a          |                 1 |          70 |               0 |              |                                    | pixclk_IBUF_BUFG_inst/O                                                   | pixclk_IBUF_BUFG                                                      |
| g4        | src1      | BUFG/O          | None       | BUFGCTRL_X0Y3  | n/a          |                 1 |           1 |               0 |       30.000 | clkfbout_zynq_soc_CLK_GEN_148MHZ_0 | zynq_soc_i/CLK_GEN_148MHZ/inst/clkf_buf/O                                 | zynq_soc_i/CLK_GEN_148MHZ/inst/clkfbout_buf_zynq_soc_CLK_GEN_148MHZ_0 |
| g5        | src0      | BUFG/O          | None       | BUFGCTRL_X0Y18 | n/a          |                 1 |           1 |               0 |       10.000 | clk_fpga_1                         | zynq_soc_i/PS_VIDEO/PS/TO_PS/PS7/inst/buffer_fclk_clk_1.FCLK_CLK_1_BUFG/O | zynq_soc_i/PS_VIDEO/PS/TO_PS/PS7/inst/FCLK_CLK1                       |
| g6        | src1      | BUFG/O          | None       | BUFGCTRL_X0Y1  | n/a          |                 1 |           0 |               1 |       41.633 | clk_out2_zynq_soc_CLK_GEN_148MHZ_0 | zynq_soc_i/CLK_GEN_148MHZ/inst/clkout2_buf/O                              | zynq_soc_i/CLK_GEN_148MHZ/inst/clk_out2                               |
+-----------+-----------+-----------------+------------+----------------+--------------+-------------------+-------------+-----------------+--------------+------------------------------------+---------------------------------------------------------------------------+-----------------------------------------------------------------------+
* Clock Loads column represents the clock pin loads (pin count)
** Non-Clock Loads column represents the non-clock pin loads (pin count)


3. Global Clock Source Details
------------------------------

+-----------+-----------+---------------------+------------+-----------------+--------------+-------------+-----------------+---------------------+------------------------------------+--------------------------------------------------------+-------------------------------------------------------------------+
| Source Id | Global Id | Driver Type/Pin     | Constraint | Site            | Clock Region | Clock Loads | Non-Clock Loads | Source Clock Period | Source Clock                       | Driver Pin                                             | Net                                                               |
+-----------+-----------+---------------------+------------+-----------------+--------------+-------------+-----------------+---------------------+------------------------------------+--------------------------------------------------------+-------------------------------------------------------------------+
| src0      | g0        | PS7/FCLKCLK[0]      | PS7_X0Y0   | PS7_X0Y0        | X0Y2         |           1 |               0 |               7.000 | clk_fpga_0                         | zynq_soc_i/PS_VIDEO/PS/TO_PS/PS7/inst/PS7_i/FCLKCLK[0] | zynq_soc_i/PS_VIDEO/PS/TO_PS/PS7/inst/FCLK_CLK_unbuffered[0]      |
| src0      | g5        | PS7/FCLKCLK[1]      | PS7_X0Y0   | PS7_X0Y0        | X0Y2         |           1 |               0 |              10.000 | clk_fpga_1                         | zynq_soc_i/PS_VIDEO/PS/TO_PS/PS7/inst/PS7_i/FCLKCLK[1] | zynq_soc_i/PS_VIDEO/PS/TO_PS/PS7/inst/FCLK_CLK_unbuffered[1]      |
| src0      | g2        | PS7/FCLKCLK[2]      | PS7_X0Y0   | PS7_X0Y0        | X0Y2         |           1 |               0 |              12.999 | clk_fpga_2                         | zynq_soc_i/PS_VIDEO/PS/TO_PS/PS7/inst/PS7_i/FCLKCLK[2] | zynq_soc_i/PS_VIDEO/PS/TO_PS/PS7/inst/FCLK_CLK_unbuffered[2]      |
| src1      | g1        | MMCME2_ADV/CLKOUT0  | None       | MMCME2_ADV_X1Y0 | X1Y0         |           1 |               0 |               6.735 | clk_out1_zynq_soc_CLK_GEN_148MHZ_0 | zynq_soc_i/CLK_GEN_148MHZ/inst/mmcm_adv_inst/CLKOUT0   | zynq_soc_i/CLK_GEN_148MHZ/inst/clk_out1_zynq_soc_CLK_GEN_148MHZ_0 |
| src1      | g6        | MMCME2_ADV/CLKOUT1  | None       | MMCME2_ADV_X1Y0 | X1Y0         |           1 |               0 |              41.633 | clk_out2_zynq_soc_CLK_GEN_148MHZ_0 | zynq_soc_i/CLK_GEN_148MHZ/inst/mmcm_adv_inst/CLKOUT1   | zynq_soc_i/CLK_GEN_148MHZ/inst/clk_out2_zynq_soc_CLK_GEN_148MHZ_0 |
| src1      | g4        | MMCME2_ADV/CLKFBOUT | None       | MMCME2_ADV_X1Y0 | X1Y0         |           1 |               0 |              30.000 | clkfbout_zynq_soc_CLK_GEN_148MHZ_0 | zynq_soc_i/CLK_GEN_148MHZ/inst/mmcm_adv_inst/CLKFBOUT  | zynq_soc_i/CLK_GEN_148MHZ/inst/clkfbout_zynq_soc_CLK_GEN_148MHZ_0 |
| src2      | g3        | IBUF/O              | IOB_X0Y42  | IOB_X0Y42       | X0Y0         |           1 |               0 |                     |                                    | pixclk_IBUF_inst/O                                     | pixclk_IBUF                                                       |
+-----------+-----------+---------------------+------------+-----------------+--------------+-------------+-----------------+---------------------+------------------------------------+--------------------------------------------------------+-------------------------------------------------------------------+
* Clock Loads column represents the clock pin loads (pin count)
** Non-Clock Loads column represents the non-clock pin loads (pin count)


4. Local Clock Details
----------------------

+----------+-----------------+------------+------------------+--------------+-------------+-----------------+--------------+-------+------------------------------------------------------+--------------------------------------------------------+
| Local Id | Driver Type/Pin | Constraint | Site/BEL         | Clock Region | Clock Loads | Non-Clock Loads | Clock Period | Clock | Driver Pin                                           | Net                                                    |
+----------+-----------------+------------+------------------+--------------+-------------+-----------------+--------------+-------+------------------------------------------------------+--------------------------------------------------------+
| 0        | FDRE/Q          | None       | SLICE_X57Y73/AFF | X1Y1         |          18 |               1 |              |       | zynq_soc_i/PS_VIDEO/D5M/VFP/U0/digiClkInst/clk_reg/Q | zynq_soc_i/PS_VIDEO/D5M/VFP/U0/digiClkInst/clk_reg_n_0 |
+----------+-----------------+------------+------------------+--------------+-------------+-----------------+--------------+-------+------------------------------------------------------+--------------------------------------------------------+
* Local Clocks in this context represents only clocks driven by non-global buffers
** Clock Loads column represents the clock pin loads (pin count)
*** Non-Clock Loads column represents the non-clock pin loads (pin count)


5. Clock Regions: Key Resource Utilization
------------------------------------------

+-------------------+--------------+--------------+--------------+--------------+--------------+--------------+--------------+--------------+--------------+--------------+--------------+--------------+--------------+--------------+--------------+
|                   | Global Clock |     BUFRs    |    BUFMRs    |    BUFIOs    |     MMCM     |      PLL     |      GT      |      PCI     |    ILOGIC    |    OLOGIC    |      FF      |     LUTM     |    RAMB18    |    RAMB36    |    DSP48E2   |
+-------------------+------+-------+------+-------+------+-------+------+-------+------+-------+------+-------+------+-------+------+-------+------+-------+------+-------+------+-------+------+-------+------+-------+------+-------+------+-------+
| Clock Region Name | Used | Avail | Used | Avail | Used | Avail | Used | Avail | Used | Avail | Used | Avail | Used | Avail | Used | Avail | Used | Avail | Used | Avail | Used | Avail | Used | Avail | Used | Avail | Used | Avail | Used | Avail |
+-------------------+------+-------+------+-------+------+-------+------+-------+------+-------+------+-------+------+-------+------+-------+------+-------+------+-------+------+-------+------+-------+------+-------+------+-------+------+-------+
| X0Y0              |    4 |    12 |    0 |     4 |    0 |     2 |    0 |     4 |    0 |     1 |    0 |     1 |    0 |     0 |    0 |     0 |    0 |    50 |    0 |    50 | 4868 |  2500 | 2374 |  1000 |    1 |    60 |   23 |    30 |    7 |    60 |
| X1Y0              |    4 |    12 |    0 |     4 |    0 |     2 |    0 |     4 |    1 |     1 |    0 |     1 |    0 |     0 |    0 |     0 |    0 |    50 |   21 |    50 | 4210 |  3200 | 1092 |   850 |    0 |    60 |   28 |    30 |    0 |    40 |
| X0Y1              |    2 |    12 |    0 |     0 |    0 |     0 |    0 |     0 |    0 |     0 |    0 |     0 |    0 |     0 |    0 |     0 |    0 |     0 |    0 |     0 | 3466 |  1200 | 1158 |   400 |    2 |    20 |    0 |    10 |    9 |    20 |
| X1Y1              |    2 |    12 |    0 |     4 |    0 |     2 |    0 |     4 |    0 |     1 |    0 |     1 |    0 |     0 |    0 |     0 |    0 |    50 |    0 |    50 | 4240 |  2600 | 1361 |   850 |    0 |    60 |   27 |    30 |    0 |    40 |
| X0Y2              |    3 |    12 |    0 |     0 |    0 |     0 |    0 |     0 |    0 |     0 |    0 |     0 |    0 |     0 |    0 |     0 |    0 |     0 |    0 |     0 |  987 |  1200 |  326 |   400 |    0 |    20 |    0 |    10 |    0 |    20 |
| X1Y2              |    3 |    12 |    0 |     4 |    0 |     2 |    0 |     4 |    0 |     1 |    0 |     1 |    0 |     0 |    0 |     0 |    0 |    50 |    0 |    50 | 1001 |  2600 |  319 |   850 |    0 |    60 |    5 |    30 |    0 |    40 |
+-------------------+------+-------+------+-------+------+-------+------+-------+------+-------+------+-------+------+-------+------+-------+------+-------+------+-------+------+-------+------+-------+------+-------+------+-------+------+-------+
* Global Clock column represents track count; while other columns represents cell counts


6. Clock Regions : Global Clock Summary
---------------------------------------

+----+----+----+
|    | X0 | X1 |
+----+----+----+
| Y2 |  3 |  3 |
| Y1 |  2 |  2 |
| Y0 |  4 |  4 |
+----+----+----+


7. Device Cell Placement Summary for Global Clock g0
----------------------------------------------------

+-----------+-----------------+-------------------+------------+-------------+---------------+-------------+----------+----------------+----------+-------------------------------------------------+
| Global Id | Driver Type/Pin | Driver Region (D) | Clock      | Period (ns) | Waveform (ns) | Slice Loads | IO Loads | Clocking Loads | GT Loads | Net                                             |
+-----------+-----------------+-------------------+------------+-------------+---------------+-------------+----------+----------------+----------+-------------------------------------------------+
| g0        | BUFG/O          | n/a               | clk_fpga_0 |       7.000 | {0.000 3.500} |       16358 |        0 |              0 |        0 | zynq_soc_i/PS_VIDEO/PS/TO_PS/PS7/inst/FCLK_CLK0 |
+-----------+-----------------+-------------------+------------+-------------+---------------+-------------+----------+----------------+----------+-------------------------------------------------+
* Logic Loads column represents load cell count of all cell types other than IO, GT and clock resources
** IO Loads column represents load cell count of IO types
*** Clocking Loads column represents load cell count that are clock resources (global clock buffer, MMCM, PLL, etc)
**** GT Loads column represents load cell count of GT types


+----+-------+-------+
|    | X0    | X1    |
+----+-------+-------+
| Y2 |   512 |   360 |
| Y1 |  2677 |  3536 |
| Y0 |  5034 |  4239 |
+----+-------+-------+


8. Device Cell Placement Summary for Global Clock g1
----------------------------------------------------

+-----------+-----------------+-------------------+------------------------------------+-------------+---------------+-------------+----------+----------------+----------+-----------------------------------------+
| Global Id | Driver Type/Pin | Driver Region (D) | Clock                              | Period (ns) | Waveform (ns) | Slice Loads | IO Loads | Clocking Loads | GT Loads | Net                                     |
+-----------+-----------------+-------------------+------------------------------------+-------------+---------------+-------------+----------+----------------+----------+-----------------------------------------+
| g1        | BUFG/O          | n/a               | clk_out1_zynq_soc_CLK_GEN_148MHZ_0 |       6.735 | {0.000 3.367} |        2031 |        0 |              0 |        0 | zynq_soc_i/CLK_GEN_148MHZ/inst/clk_out1 |
+-----------+-----------------+-------------------+------------------------------------+-------------+---------------+-------------+----------+----------------+----------+-----------------------------------------+
* Logic Loads column represents load cell count of all cell types other than IO, GT and clock resources
** IO Loads column represents load cell count of IO types
*** Clocking Loads column represents load cell count that are clock resources (global clock buffer, MMCM, PLL, etc)
**** GT Loads column represents load cell count of GT types


+----+------+------+
|    | X0   | X1   |
+----+------+------+
| Y2 |   26 |  201 |
| Y1 |  865 |  718 |
| Y0 |  181 |   40 |
+----+------+------+


9. Device Cell Placement Summary for Global Clock g2
----------------------------------------------------

+-----------+-----------------+-------------------+------------+-------------+---------------+-------------+----------+----------------+----------+-------------------------------------------------+
| Global Id | Driver Type/Pin | Driver Region (D) | Clock      | Period (ns) | Waveform (ns) | Slice Loads | IO Loads | Clocking Loads | GT Loads | Net                                             |
+-----------+-----------------+-------------------+------------+-------------+---------------+-------------+----------+----------------+----------+-------------------------------------------------+
| g2        | BUFG/O          | n/a               | clk_fpga_2 |      12.999 | {0.000 6.499} |         942 |        0 |              0 |        0 | zynq_soc_i/PS_VIDEO/PS/TO_PS/PS7/inst/FCLK_CLK2 |
+-----------+-----------------+-------------------+------------+-------------+---------------+-------------+----------+----------------+----------+-------------------------------------------------+
* Logic Loads column represents load cell count of all cell types other than IO, GT and clock resources
** IO Loads column represents load cell count of IO types
*** Clocking Loads column represents load cell count that are clock resources (global clock buffer, MMCM, PLL, etc)
**** GT Loads column represents load cell count of GT types


+----+------+------+
|    | X0   | X1   |
+----+------+------+
| Y2 |  478 |  464 |
| Y1 |    0 |    0 |
| Y0 |    0 |    0 |
+----+------+------+


10. Device Cell Placement Summary for Global Clock g3
-----------------------------------------------------

+-----------+-----------------+-------------------+-------+-------------+---------------+-------------+----------+----------------+----------+------------------+
| Global Id | Driver Type/Pin | Driver Region (D) | Clock | Period (ns) | Waveform (ns) | Slice Loads | IO Loads | Clocking Loads | GT Loads | Net              |
+-----------+-----------------+-------------------+-------+-------------+---------------+-------------+----------+----------------+----------+------------------+
| g3        | BUFG/O          | n/a               |       |             |               |          70 |        0 |              0 |        0 | pixclk_IBUF_BUFG |
+-----------+-----------------+-------------------+-------+-------------+---------------+-------------+----------+----------------+----------+------------------+
* Logic Loads column represents load cell count of all cell types other than IO, GT and clock resources
** IO Loads column represents load cell count of IO types
*** Clocking Loads column represents load cell count that are clock resources (global clock buffer, MMCM, PLL, etc)
**** GT Loads column represents load cell count of GT types


+----+-----+----+
|    | X0  | X1 |
+----+-----+----+
| Y2 |   0 |  0 |
| Y1 |   0 |  0 |
| Y0 |  70 |  0 |
+----+-----+----+


11. Device Cell Placement Summary for Global Clock g4
-----------------------------------------------------

+-----------+-----------------+-------------------+------------------------------------+-------------+----------------+-------------+----------+----------------+----------+-----------------------------------------------------------------------+
| Global Id | Driver Type/Pin | Driver Region (D) | Clock                              | Period (ns) | Waveform (ns)  | Slice Loads | IO Loads | Clocking Loads | GT Loads | Net                                                                   |
+-----------+-----------------+-------------------+------------------------------------+-------------+----------------+-------------+----------+----------------+----------+-----------------------------------------------------------------------+
| g4        | BUFG/O          | n/a               | clkfbout_zynq_soc_CLK_GEN_148MHZ_0 |      30.000 | {0.000 15.000} |           0 |        0 |              1 |        0 | zynq_soc_i/CLK_GEN_148MHZ/inst/clkfbout_buf_zynq_soc_CLK_GEN_148MHZ_0 |
+-----------+-----------------+-------------------+------------------------------------+-------------+----------------+-------------+----------+----------------+----------+-----------------------------------------------------------------------+
* Logic Loads column represents load cell count of all cell types other than IO, GT and clock resources
** IO Loads column represents load cell count of IO types
*** Clocking Loads column represents load cell count that are clock resources (global clock buffer, MMCM, PLL, etc)
**** GT Loads column represents load cell count of GT types


+----+----+----+
|    | X0 | X1 |
+----+----+----+
| Y2 |  0 |  0 |
| Y1 |  0 |  0 |
| Y0 |  0 |  1 |
+----+----+----+


12. Device Cell Placement Summary for Global Clock g5
-----------------------------------------------------

+-----------+-----------------+-------------------+------------+-------------+---------------+-------------+----------+----------------+----------+-------------------------------------------------+
| Global Id | Driver Type/Pin | Driver Region (D) | Clock      | Period (ns) | Waveform (ns) | Slice Loads | IO Loads | Clocking Loads | GT Loads | Net                                             |
+-----------+-----------------+-------------------+------------+-------------+---------------+-------------+----------+----------------+----------+-------------------------------------------------+
| g5        | BUFG/O          | n/a               | clk_fpga_1 |      10.000 | {0.000 5.000} |           0 |        0 |              1 |        0 | zynq_soc_i/PS_VIDEO/PS/TO_PS/PS7/inst/FCLK_CLK1 |
+-----------+-----------------+-------------------+------------+-------------+---------------+-------------+----------+----------------+----------+-------------------------------------------------+
* Logic Loads column represents load cell count of all cell types other than IO, GT and clock resources
** IO Loads column represents load cell count of IO types
*** Clocking Loads column represents load cell count that are clock resources (global clock buffer, MMCM, PLL, etc)
**** GT Loads column represents load cell count of GT types


+----+----+----+
|    | X0 | X1 |
+----+----+----+
| Y2 |  0 |  0 |
| Y1 |  0 |  0 |
| Y0 |  0 |  1 |
+----+----+----+


13. Device Cell Placement Summary for Global Clock g6
-----------------------------------------------------

+-----------+-----------------+-------------------+------------------------------------+-------------+----------------+-------------+----------+----------------+----------+-----------------------------------------+
| Global Id | Driver Type/Pin | Driver Region (D) | Clock                              | Period (ns) | Waveform (ns)  | Slice Loads | IO Loads | Clocking Loads | GT Loads | Net                                     |
+-----------+-----------------+-------------------+------------------------------------+-------------+----------------+-------------+----------+----------------+----------+-----------------------------------------+
| g6        | BUFG/O          | n/a               | clk_out2_zynq_soc_CLK_GEN_148MHZ_0 |      41.633 | {0.000 20.816} |           0 |        1 |              0 |        0 | zynq_soc_i/CLK_GEN_148MHZ/inst/clk_out2 |
+-----------+-----------------+-------------------+------------------------------------+-------------+----------------+-------------+----------+----------------+----------+-----------------------------------------+
* Logic Loads column represents load cell count of all cell types other than IO, GT and clock resources
** IO Loads column represents load cell count of IO types
*** Clocking Loads column represents load cell count that are clock resources (global clock buffer, MMCM, PLL, etc)
**** GT Loads column represents load cell count of GT types


+----+----+----+
|    | X0 | X1 |
+----+----+----+
| Y2 |  0 |  0 |
| Y1 |  0 |  0 |
| Y0 |  1 |  0 |
+----+----+----+


14. Clock Region Cell Placement per Global Clock: Region X0Y0
-------------------------------------------------------------

+-----------+-------+-----------------+------------+-------------+-----------------+------+--------+------+-----+----+------+-----+---------+-------------------------------------------------+
| Global Id | Track | Driver Type/Pin | Constraint | Clock Loads | Non-Clock Loads | FF   | LUTRAM | RAMB | DSP | GT | MMCM | PLL | Hard IP | Net                                             |
+-----------+-------+-----------------+------------+-------------+-----------------+------+--------+------+-----+----+------+-----+---------+-------------------------------------------------+
| g0        | n/a   | BUFG/O          | None       |        5034 |               0 | 4621 |    379 |   24 |   7 |  0 |    0 |   0 |       0 | zynq_soc_i/PS_VIDEO/PS/TO_PS/PS7/inst/FCLK_CLK0 |
| g1        | n/a   | BUFG/O          | None       |         181 |               0 |  180 |      0 |    1 |   0 |  0 |    0 |   0 |       0 | zynq_soc_i/CLK_GEN_148MHZ/inst/clk_out1         |
| g3        | n/a   | BUFG/O          | None       |          70 |               0 |   67 |      0 |    3 |   0 |  0 |    0 |   0 |       0 | pixclk_IBUF_BUFG                                |
| g6        | n/a   | BUFG/O          | None       |           0 |               1 |    0 |      0 |    0 |   0 |  0 |    0 |   0 |       0 | zynq_soc_i/CLK_GEN_148MHZ/inst/clk_out2         |
+-----------+-------+-----------------+------------+-------------+-----------------+------+--------+------+-----+----+------+-----+---------+-------------------------------------------------+
* Clock Loads column represents the clock pin loads (pin count)
** Non-Clock Loads column represents the non-clock pin loads (pin count)
*** Columns FF, LUTRAM, RAMB through 'Hard IP' represents load cell counts


15. Clock Region Cell Placement per Global Clock: Region X1Y0
-------------------------------------------------------------

+-----------+-------+-----------------+------------+-------------+-----------------+------+--------+------+-----+----+------+-----+---------+-----------------------------------------------------------------------+
| Global Id | Track | Driver Type/Pin | Constraint | Clock Loads | Non-Clock Loads | FF   | LUTRAM | RAMB | DSP | GT | MMCM | PLL | Hard IP | Net                                                                   |
+-----------+-------+-----------------+------------+-------------+-----------------+------+--------+------+-----+----+------+-----+---------+-----------------------------------------------------------------------+
| g0        | n/a   | BUFG/O          | None       |        4239 |               0 | 4172 |     39 |   28 |   0 |  0 |    0 |   0 |       0 | zynq_soc_i/PS_VIDEO/PS/TO_PS/PS7/inst/FCLK_CLK0                       |
| g1        | n/a   | BUFG/O          | None       |          40 |               0 |   38 |      0 |    0 |   0 |  0 |    0 |   0 |       0 | zynq_soc_i/CLK_GEN_148MHZ/inst/clk_out1                               |
| g4        | n/a   | BUFG/O          | None       |           1 |               0 |    0 |      0 |    0 |   0 |  0 |    1 |   0 |       0 | zynq_soc_i/CLK_GEN_148MHZ/inst/clkfbout_buf_zynq_soc_CLK_GEN_148MHZ_0 |
| g5        | n/a   | BUFG/O          | None       |           1 |               0 |    0 |      0 |    0 |   0 |  0 |    1 |   0 |       0 | zynq_soc_i/PS_VIDEO/PS/TO_PS/PS7/inst/FCLK_CLK1                       |
+-----------+-------+-----------------+------------+-------------+-----------------+------+--------+------+-----+----+------+-----+---------+-----------------------------------------------------------------------+
* Clock Loads column represents the clock pin loads (pin count)
** Non-Clock Loads column represents the non-clock pin loads (pin count)
*** Columns FF, LUTRAM, RAMB through 'Hard IP' represents load cell counts


16. Clock Region Cell Placement per Global Clock: Region X0Y1
-------------------------------------------------------------

+-----------+-------+-----------------+------------+-------------+-----------------+------+--------+------+-----+----+------+-----+---------+-------------------------------------------------+
| Global Id | Track | Driver Type/Pin | Constraint | Clock Loads | Non-Clock Loads | FF   | LUTRAM | RAMB | DSP | GT | MMCM | PLL | Hard IP | Net                                             |
+-----------+-------+-----------------+------------+-------------+-----------------+------+--------+------+-----+----+------+-----+---------+-------------------------------------------------+
| g0        | n/a   | BUFG/O          | None       |        2677 |               0 | 2603 |     61 |    2 |   9 |  0 |    0 |   0 |       0 | zynq_soc_i/PS_VIDEO/PS/TO_PS/PS7/inst/FCLK_CLK0 |
| g1        | n/a   | BUFG/O          | None       |         865 |               0 |  863 |      2 |    0 |   0 |  0 |    0 |   0 |       0 | zynq_soc_i/CLK_GEN_148MHZ/inst/clk_out1         |
+-----------+-------+-----------------+------------+-------------+-----------------+------+--------+------+-----+----+------+-----+---------+-------------------------------------------------+
* Clock Loads column represents the clock pin loads (pin count)
** Non-Clock Loads column represents the non-clock pin loads (pin count)
*** Columns FF, LUTRAM, RAMB through 'Hard IP' represents load cell counts


17. Clock Region Cell Placement per Global Clock: Region X1Y1
-------------------------------------------------------------

+-----------+-------+-----------------+------------+-------------+-----------------+------+--------+------+-----+----+------+-----+---------+-------------------------------------------------+
| Global Id | Track | Driver Type/Pin | Constraint | Clock Loads | Non-Clock Loads | FF   | LUTRAM | RAMB | DSP | GT | MMCM | PLL | Hard IP | Net                                             |
+-----------+-------+-----------------+------------+-------------+-----------------+------+--------+------+-----+----+------+-----+---------+-------------------------------------------------+
| g0        | n/a   | BUFG/O          | None       |        3536 |               0 | 3507 |      2 |   27 |   0 |  0 |    0 |   0 |       0 | zynq_soc_i/PS_VIDEO/PS/TO_PS/PS7/inst/FCLK_CLK0 |
| g1        | n/a   | BUFG/O          | None       |         718 |               0 |  715 |      3 |    0 |   0 |  0 |    0 |   0 |       0 | zynq_soc_i/CLK_GEN_148MHZ/inst/clk_out1         |
+-----------+-------+-----------------+------------+-------------+-----------------+------+--------+------+-----+----+------+-----+---------+-------------------------------------------------+
* Clock Loads column represents the clock pin loads (pin count)
** Non-Clock Loads column represents the non-clock pin loads (pin count)
*** Columns FF, LUTRAM, RAMB through 'Hard IP' represents load cell counts


18. Clock Region Cell Placement per Global Clock: Region X0Y2
-------------------------------------------------------------

+-----------+-------+-----------------+------------+-------------+-----------------+-----+--------+------+-----+----+------+-----+---------+-------------------------------------------------+
| Global Id | Track | Driver Type/Pin | Constraint | Clock Loads | Non-Clock Loads | FF  | LUTRAM | RAMB | DSP | GT | MMCM | PLL | Hard IP | Net                                             |
+-----------+-------+-----------------+------------+-------------+-----------------+-----+--------+------+-----+----+------+-----+---------+-------------------------------------------------+
| g0        | n/a   | BUFG/O          | None       |         512 |               0 | 502 |      8 |    0 |   0 |  0 |    0 |   0 |       0 | zynq_soc_i/PS_VIDEO/PS/TO_PS/PS7/inst/FCLK_CLK0 |
| g1        | n/a   | BUFG/O          | None       |          26 |               0 |  26 |      0 |    0 |   0 |  0 |    0 |   0 |       0 | zynq_soc_i/CLK_GEN_148MHZ/inst/clk_out1         |
| g2        | n/a   | BUFG/O          | None       |         478 |               0 | 459 |     19 |    0 |   0 |  0 |    0 |   0 |       0 | zynq_soc_i/PS_VIDEO/PS/TO_PS/PS7/inst/FCLK_CLK2 |
+-----------+-------+-----------------+------------+-------------+-----------------+-----+--------+------+-----+----+------+-----+---------+-------------------------------------------------+
* Clock Loads column represents the clock pin loads (pin count)
** Non-Clock Loads column represents the non-clock pin loads (pin count)
*** Columns FF, LUTRAM, RAMB through 'Hard IP' represents load cell counts


19. Clock Region Cell Placement per Global Clock: Region X1Y2
-------------------------------------------------------------

+-----------+-------+-----------------+------------+-------------+-----------------+-----+--------+------+-----+----+------+-----+---------+-------------------------------------------------+
| Global Id | Track | Driver Type/Pin | Constraint | Clock Loads | Non-Clock Loads | FF  | LUTRAM | RAMB | DSP | GT | MMCM | PLL | Hard IP | Net                                             |
+-----------+-------+-----------------+------------+-------------+-----------------+-----+--------+------+-----+----+------+-----+---------+-------------------------------------------------+
| g0        | n/a   | BUFG/O          | None       |         360 |               0 | 355 |      0 |    5 |   0 |  0 |    0 |   0 |       0 | zynq_soc_i/PS_VIDEO/PS/TO_PS/PS7/inst/FCLK_CLK0 |
| g1        | n/a   | BUFG/O          | None       |         201 |               0 | 200 |      1 |    0 |   0 |  0 |    0 |   0 |       0 | zynq_soc_i/CLK_GEN_148MHZ/inst/clk_out1         |
| g2        | n/a   | BUFG/O          | None       |         464 |               0 | 446 |     18 |    0 |   0 |  0 |    0 |   0 |       0 | zynq_soc_i/PS_VIDEO/PS/TO_PS/PS7/inst/FCLK_CLK2 |
+-----------+-------+-----------------+------------+-------------+-----------------+-----+--------+------+-----+----+------+-----+---------+-------------------------------------------------+
* Clock Loads column represents the clock pin loads (pin count)
** Non-Clock Loads column represents the non-clock pin loads (pin count)
*** Columns FF, LUTRAM, RAMB through 'Hard IP' represents load cell counts



# Location of BUFG Primitives 
set_property LOC BUFGCTRL_X0Y17 [get_cells zynq_soc_i/PS_VIDEO/PS/TO_PS/PS7/inst/buffer_fclk_clk_2.FCLK_CLK_2_BUFG]
set_property LOC BUFGCTRL_X0Y18 [get_cells zynq_soc_i/PS_VIDEO/PS/TO_PS/PS7/inst/buffer_fclk_clk_1.FCLK_CLK_1_BUFG]
set_property LOC BUFGCTRL_X0Y16 [get_cells zynq_soc_i/PS_VIDEO/PS/TO_PS/PS7/inst/buffer_fclk_clk_0.FCLK_CLK_0_BUFG]
set_property LOC BUFGCTRL_X0Y3 [get_cells zynq_soc_i/CLK_GEN_148MHZ/inst/clkf_buf]
set_property LOC BUFGCTRL_X0Y1 [get_cells zynq_soc_i/CLK_GEN_148MHZ/inst/clkout2_buf]
set_property LOC BUFGCTRL_X0Y0 [get_cells zynq_soc_i/CLK_GEN_148MHZ/inst/clkout1_buf]
set_property LOC BUFGCTRL_X0Y2 [get_cells pixclk_IBUF_BUFG_inst]

# Location of IO Primitives which is load of clock spine
set_property LOC IOB_X0Y43 [get_cells o_xclkin_OBUF_inst]

# Location of clock ports
set_property LOC IOB_X0Y42 [get_ports pixclk]

# Clock net "zynq_soc_i/PS_VIDEO/PS/TO_PS/PS7/inst/FCLK_CLK2" driven by instance "zynq_soc_i/PS_VIDEO/PS/TO_PS/PS7/inst/buffer_fclk_clk_2.FCLK_CLK_2_BUFG" located at site "BUFGCTRL_X0Y17"
#startgroup
create_pblock {CLKAG_zynq_soc_i/PS_VIDEO/PS/TO_PS/PS7/inst/FCLK_CLK2}
add_cells_to_pblock [get_pblocks  {CLKAG_zynq_soc_i/PS_VIDEO/PS/TO_PS/PS7/inst/FCLK_CLK2}] [get_cells -filter { PRIMITIVE_GROUP != I/O && IS_PRIMITIVE==1 && PRIMITIVE_LEVEL !=INTERNAL } -of_object [get_pins -filter {DIRECTION==IN} -of_objects [get_nets -hierarchical -filter {PARENT=="zynq_soc_i/PS_VIDEO/PS/TO_PS/PS7/inst/FCLK_CLK2"}]]]
resize_pblock [get_pblocks {CLKAG_zynq_soc_i/PS_VIDEO/PS/TO_PS/PS7/inst/FCLK_CLK2}] -add {CLOCKREGION_X0Y2:CLOCKREGION_X0Y2 CLOCKREGION_X1Y2:CLOCKREGION_X1Y2}
#endgroup

# Clock net "zynq_soc_i/PS_VIDEO/PS/TO_PS/PS7/inst/FCLK_CLK0" driven by instance "zynq_soc_i/PS_VIDEO/PS/TO_PS/PS7/inst/buffer_fclk_clk_0.FCLK_CLK_0_BUFG" located at site "BUFGCTRL_X0Y16"
#startgroup
create_pblock {CLKAG_zynq_soc_i/PS_VIDEO/PS/TO_PS/PS7/inst/FCLK_CLK0}
add_cells_to_pblock [get_pblocks  {CLKAG_zynq_soc_i/PS_VIDEO/PS/TO_PS/PS7/inst/FCLK_CLK0}] [get_cells -filter { PRIMITIVE_GROUP != I/O && IS_PRIMITIVE==1 && PRIMITIVE_LEVEL !=INTERNAL } -of_object [get_pins -filter {DIRECTION==IN} -of_objects [get_nets -hierarchical -filter {PARENT=="zynq_soc_i/PS_VIDEO/PS/TO_PS/PS7/inst/FCLK_CLK0"}]]]
resize_pblock [get_pblocks {CLKAG_zynq_soc_i/PS_VIDEO/PS/TO_PS/PS7/inst/FCLK_CLK0}] -add {CLOCKREGION_X0Y0:CLOCKREGION_X0Y0 CLOCKREGION_X0Y1:CLOCKREGION_X0Y1 CLOCKREGION_X0Y2:CLOCKREGION_X0Y2 CLOCKREGION_X1Y0:CLOCKREGION_X1Y0 CLOCKREGION_X1Y1:CLOCKREGION_X1Y1 CLOCKREGION_X1Y2:CLOCKREGION_X1Y2}
#endgroup

# Clock net "zynq_soc_i/CLK_GEN_148MHZ/inst/clk_out1" driven by instance "zynq_soc_i/CLK_GEN_148MHZ/inst/clkout1_buf" located at site "BUFGCTRL_X0Y0"
#startgroup
create_pblock {CLKAG_zynq_soc_i/CLK_GEN_148MHZ/inst/clk_out1}
add_cells_to_pblock [get_pblocks  {CLKAG_zynq_soc_i/CLK_GEN_148MHZ/inst/clk_out1}] [get_cells -filter { PRIMITIVE_GROUP != I/O && IS_PRIMITIVE==1 && PRIMITIVE_LEVEL !=INTERNAL } -of_object [get_pins -filter {DIRECTION==IN} -of_objects [get_nets -hierarchical -filter {PARENT=="zynq_soc_i/CLK_GEN_148MHZ/inst/clk_out1"}]]]
resize_pblock [get_pblocks {CLKAG_zynq_soc_i/CLK_GEN_148MHZ/inst/clk_out1}] -add {CLOCKREGION_X0Y0:CLOCKREGION_X0Y0 CLOCKREGION_X0Y1:CLOCKREGION_X0Y1 CLOCKREGION_X0Y2:CLOCKREGION_X0Y2 CLOCKREGION_X1Y0:CLOCKREGION_X1Y0 CLOCKREGION_X1Y1:CLOCKREGION_X1Y1 CLOCKREGION_X1Y2:CLOCKREGION_X1Y2}
#endgroup

# Clock net "pixclk_IBUF_BUFG" driven by instance "pixclk_IBUF_BUFG_inst" located at site "BUFGCTRL_X0Y2"
#startgroup
create_pblock {CLKAG_pixclk_IBUF_BUFG}
add_cells_to_pblock [get_pblocks  {CLKAG_pixclk_IBUF_BUFG}] [get_cells -filter { PRIMITIVE_GROUP != I/O && IS_PRIMITIVE==1 && PRIMITIVE_LEVEL !=INTERNAL } -of_object [get_pins -filter {DIRECTION==IN} -of_objects [get_nets -hierarchical -filter {PARENT=="pixclk_IBUF_BUFG"}]]]
resize_pblock [get_pblocks {CLKAG_pixclk_IBUF_BUFG}] -add {CLOCKREGION_X0Y0:CLOCKREGION_X0Y0}
#endgroup
