23:05:49 **** Build of project fsbl_bsp ****
make -k all 
"Running Make include in ps7_cortexa9_0/libsrc/axivdma_v6_3/src"
make -C ps7_cortexa9_0/libsrc/axivdma_v6_3/src -s include  "SHELL=CMD" "COMPILER=arm-none-eabi-gcc" "ARCHIVER=arm-none-eabi-ar" "COMPILER_FLAGS=  -O2 -c" "EXTRA_COMPILER_FLAGS=-mcpu=cortex-a9 -mfpu=vfpv3 -mfloat-abi=hard -nostartfiles -Wall -Wextra"
"Running Make include in ps7_cortexa9_0/libsrc/coresightps_dcc_v1_4/src"
make -C ps7_cortexa9_0/libsrc/coresightps_dcc_v1_4/src -s include  "SHELL=CMD" "COMPILER=arm-none-eabi-gcc" "ARCHIVER=arm-none-eabi-ar" "COMPILER_FLAGS=  -O2 -c" "EXTRA_COMPILER_FLAGS=-mcpu=cortex-a9 -mfpu=vfpv3 -mfloat-abi=hard -nostartfiles -Wall -Wextra"
"Running Make include in ps7_cortexa9_0/libsrc/cpu_cortexa9_v2_4/src"
make -C ps7_cortexa9_0/libsrc/cpu_cortexa9_v2_4/src -s include  "SHELL=CMD" "COMPILER=arm-none-eabi-gcc" "ARCHIVER=arm-none-eabi-ar" "COMPILER_FLAGS=  -O2 -c" "EXTRA_COMPILER_FLAGS=-mcpu=cortex-a9 -mfpu=vfpv3 -mfloat-abi=hard -nostartfiles -Wall -Wextra"
"Running Make include in ps7_cortexa9_0/libsrc/ddrps_v1_0/src"
make -C ps7_cortexa9_0/libsrc/ddrps_v1_0/src -s include  "SHELL=CMD" "COMPILER=arm-none-eabi-gcc" "ARCHIVER=arm-none-eabi-ar" "COMPILER_FLAGS=  -O2 -c" "EXTRA_COMPILER_FLAGS=-mcpu=cortex-a9 -mfpu=vfpv3 -mfloat-abi=hard -nostartfiles -Wall -Wextra"
"Running Make include in ps7_cortexa9_0/libsrc/devcfg_v3_4/src"
make -C ps7_cortexa9_0/libsrc/devcfg_v3_4/src -s include  "SHELL=CMD" "COMPILER=arm-none-eabi-gcc" "ARCHIVER=arm-none-eabi-ar" "COMPILER_FLAGS=  -O2 -c" "EXTRA_COMPILER_FLAGS=-mcpu=cortex-a9 -mfpu=vfpv3 -mfloat-abi=hard -nostartfiles -Wall -Wextra"
"Running Make include in ps7_cortexa9_0/libsrc/dmaps_v2_3/src"
make -C ps7_cortexa9_0/libsrc/dmaps_v2_3/src -s include  "SHELL=CMD" "COMPILER=arm-none-eabi-gcc" "ARCHIVER=arm-none-eabi-ar" "COMPILER_FLAGS=  -O2 -c" "EXTRA_COMPILER_FLAGS=-mcpu=cortex-a9 -mfpu=vfpv3 -mfloat-abi=hard -nostartfiles -Wall -Wextra"
"Running Make include in ps7_cortexa9_0/libsrc/emacps_v3_4/src"
make -C ps7_cortexa9_0/libsrc/emacps_v3_4/src -s include  "SHELL=CMD" "COMPILER=arm-none-eabi-gcc" "ARCHIVER=arm-none-eabi-ar" "COMPILER_FLAGS=  -O2 -c" "EXTRA_COMPILER_FLAGS=-mcpu=cortex-a9 -mfpu=vfpv3 -mfloat-abi=hard -nostartfiles -Wall -Wextra"
"Running Make include in ps7_cortexa9_0/libsrc/gpio_v4_3/src"
make -C ps7_cortexa9_0/libsrc/gpio_v4_3/src -s include  "SHELL=CMD" "COMPILER=arm-none-eabi-gcc" "ARCHIVER=arm-none-eabi-ar" "COMPILER_FLAGS=  -O2 -c" "EXTRA_COMPILER_FLAGS=-mcpu=cortex-a9 -mfpu=vfpv3 -mfloat-abi=hard -nostartfiles -Wall -Wextra"
"Running Make include in ps7_cortexa9_0/libsrc/gpiops_v3_3/src"
make -C ps7_cortexa9_0/libsrc/gpiops_v3_3/src -s include  "SHELL=CMD" "COMPILER=arm-none-eabi-gcc" "ARCHIVER=arm-none-eabi-ar" "COMPILER_FLAGS=  -O2 -c" "EXTRA_COMPILER_FLAGS=-mcpu=cortex-a9 -mfpu=vfpv3 -mfloat-abi=hard -nostartfiles -Wall -Wextra"
"Running Make include in ps7_cortexa9_0/libsrc/iic_v3_4/src"
make -C ps7_cortexa9_0/libsrc/iic_v3_4/src -s include  "SHELL=CMD" "COMPILER=arm-none-eabi-gcc" "ARCHIVER=arm-none-eabi-ar" "COMPILER_FLAGS=  -O2 -c" "EXTRA_COMPILER_FLAGS=-mcpu=cortex-a9 -mfpu=vfpv3 -mfloat-abi=hard -nostartfiles -Wall -Wextra"
"Running Make include in ps7_cortexa9_0/libsrc/qspips_v3_3/src"
make -C ps7_cortexa9_0/libsrc/qspips_v3_3/src -s include  "SHELL=CMD" "COMPILER=arm-none-eabi-gcc" "ARCHIVER=arm-none-eabi-ar" "COMPILER_FLAGS=  -O2 -c" "EXTRA_COMPILER_FLAGS=-mcpu=cortex-a9 -mfpu=vfpv3 -mfloat-abi=hard -nostartfiles -Wall -Wextra"
"Running Make include in ps7_cortexa9_0/libsrc/scugic_v3_7/src"
make -C ps7_cortexa9_0/libsrc/scugic_v3_7/src -s include  "SHELL=CMD" "COMPILER=arm-none-eabi-gcc" "ARCHIVER=arm-none-eabi-ar" "COMPILER_FLAGS=  -O2 -c" "EXTRA_COMPILER_FLAGS=-mcpu=cortex-a9 -mfpu=vfpv3 -mfloat-abi=hard -nostartfiles -Wall -Wextra"
"Running Make include in ps7_cortexa9_0/libsrc/scutimer_v2_1/src"
make -C ps7_cortexa9_0/libsrc/scutimer_v2_1/src -s include  "SHELL=CMD" "COMPILER=arm-none-eabi-gcc" "ARCHIVER=arm-none-eabi-ar" "COMPILER_FLAGS=  -O2 -c" "EXTRA_COMPILER_FLAGS=-mcpu=cortex-a9 -mfpu=vfpv3 -mfloat-abi=hard -nostartfiles -Wall -Wextra"
"Running Make include in ps7_cortexa9_0/libsrc/scuwdt_v2_1/src"
make -C ps7_cortexa9_0/libsrc/scuwdt_v2_1/src -s include  "SHELL=CMD" "COMPILER=arm-none-eabi-gcc" "ARCHIVER=arm-none-eabi-ar" "COMPILER_FLAGS=  -O2 -c" "EXTRA_COMPILER_FLAGS=-mcpu=cortex-a9 -mfpu=vfpv3 -mfloat-abi=hard -nostartfiles -Wall -Wextra"
"Running Make include in ps7_cortexa9_0/libsrc/sdps_v3_2/src"
make -C ps7_cortexa9_0/libsrc/sdps_v3_2/src -s include  "SHELL=CMD" "COMPILER=arm-none-eabi-gcc" "ARCHIVER=arm-none-eabi-ar" "COMPILER_FLAGS=  -O2 -c" "EXTRA_COMPILER_FLAGS=-mcpu=cortex-a9 -mfpu=vfpv3 -mfloat-abi=hard -nostartfiles -Wall -Wextra"
"Running Make include in ps7_cortexa9_0/libsrc/Sine_v1_0/src"
make -C ps7_cortexa9_0/libsrc/Sine_v1_0/src -s include  "SHELL=CMD" "COMPILER=arm-none-eabi-gcc" "ARCHIVER=arm-none-eabi-ar" "COMPILER_FLAGS=  -O2 -c" "EXTRA_COMPILER_FLAGS=-mcpu=cortex-a9 -mfpu=vfpv3 -mfloat-abi=hard -nostartfiles -Wall -Wextra"
"Running Make include in ps7_cortexa9_0/libsrc/standalone_v6_3/src"
make -C ps7_cortexa9_0/libsrc/standalone_v6_3/src -s include  "SHELL=CMD" "COMPILER=arm-none-eabi-gcc" "ARCHIVER=arm-none-eabi-ar" "COMPILER_FLAGS=  -O2 -c" "EXTRA_COMPILER_FLAGS=-mcpu=cortex-a9 -mfpu=vfpv3 -mfloat-abi=hard -nostartfiles -Wall -Wextra"
"Running Make include in ps7_cortexa9_0/libsrc/uartps_v3_4/src"
make -C ps7_cortexa9_0/libsrc/uartps_v3_4/src -s include  "SHELL=CMD" "COMPILER=arm-none-eabi-gcc" "ARCHIVER=arm-none-eabi-ar" "COMPILER_FLAGS=  -O2 -c" "EXTRA_COMPILER_FLAGS=-mcpu=cortex-a9 -mfpu=vfpv3 -mfloat-abi=hard -nostartfiles -Wall -Wextra"
"Running Make include in ps7_cortexa9_0/libsrc/VFP_v1_0/src"
make -C ps7_cortexa9_0/libsrc/VFP_v1_0/src -s include  "SHELL=CMD" "COMPILER=arm-none-eabi-gcc" "ARCHIVER=arm-none-eabi-ar" "COMPILER_FLAGS=  -O2 -c" "EXTRA_COMPILER_FLAGS=-mcpu=cortex-a9 -mfpu=vfpv3 -mfloat-abi=hard -nostartfiles -Wall -Wextra"
"Running Make include in ps7_cortexa9_0/libsrc/vtc_v7_2/src"
make -C ps7_cortexa9_0/libsrc/vtc_v7_2/src -s include  "SHELL=CMD" "COMPILER=arm-none-eabi-gcc" "ARCHIVER=arm-none-eabi-ar" "COMPILER_FLAGS=  -O2 -c" "EXTRA_COMPILER_FLAGS=-mcpu=cortex-a9 -mfpu=vfpv3 -mfloat-abi=hard -nostartfiles -Wall -Wextra"
"Running Make include in ps7_cortexa9_0/libsrc/xadcps_v2_2/src"
make -C ps7_cortexa9_0/libsrc/xadcps_v2_2/src -s include  "SHELL=CMD" "COMPILER=arm-none-eabi-gcc" "ARCHIVER=arm-none-eabi-ar" "COMPILER_FLAGS=  -O2 -c" "EXTRA_COMPILER_FLAGS=-mcpu=cortex-a9 -mfpu=vfpv3 -mfloat-abi=hard -nostartfiles -Wall -Wextra"
"Running Make include in ps7_cortexa9_0/libsrc/xilffs_v3_6/src"
make -C ps7_cortexa9_0/libsrc/xilffs_v3_6/src -s include  "SHELL=CMD" "COMPILER=arm-none-eabi-gcc" "ARCHIVER=arm-none-eabi-ar" "COMPILER_FLAGS=  -O2 -c" "EXTRA_COMPILER_FLAGS=-mcpu=cortex-a9 -mfpu=vfpv3 -mfloat-abi=hard -nostartfiles -Wall -Wextra"
"Running Make include in ps7_cortexa9_0/libsrc/xilrsa_v1_3/src"
make -C ps7_cortexa9_0/libsrc/xilrsa_v1_3/src -s include  "SHELL=CMD" "COMPILER=arm-none-eabi-gcc" "ARCHIVER=arm-none-eabi-ar" "COMPILER_FLAGS=  -O2 -c" "EXTRA_COMPILER_FLAGS=-mcpu=cortex-a9 -mfpu=vfpv3 -mfloat-abi=hard -nostartfiles -Wall -Wextra"
"Running Make libs in ps7_cortexa9_0/libsrc/axivdma_v6_3/src"
make -C ps7_cortexa9_0/libsrc/axivdma_v6_3/src -s libs  "SHELL=CMD" "COMPILER=arm-none-eabi-gcc" "ARCHIVER=arm-none-eabi-ar" "COMPILER_FLAGS=  -O2 -c" "EXTRA_COMPILER_FLAGS=-mcpu=cortex-a9 -mfpu=vfpv3 -mfloat-abi=hard -nostartfiles -Wall -Wextra"
"Compiling axivdma"
"Running Make libs in ps7_cortexa9_0/libsrc/coresightps_dcc_v1_4/src"
make -C ps7_cortexa9_0/libsrc/coresightps_dcc_v1_4/src -s libs  "SHELL=CMD" "COMPILER=arm-none-eabi-gcc" "ARCHIVER=arm-none-eabi-ar" "COMPILER_FLAGS=  -O2 -c" "EXTRA_COMPILER_FLAGS=-mcpu=cortex-a9 -mfpu=vfpv3 -mfloat-abi=hard -nostartfiles -Wall -Wextra"
"Compiling coresightps_dcc"
"Running Make libs in ps7_cortexa9_0/libsrc/cpu_cortexa9_v2_4/src"
make -C ps7_cortexa9_0/libsrc/cpu_cortexa9_v2_4/src -s libs  "SHELL=CMD" "COMPILER=arm-none-eabi-gcc" "ARCHIVER=arm-none-eabi-ar" "COMPILER_FLAGS=  -O2 -c" "EXTRA_COMPILER_FLAGS=-mcpu=cortex-a9 -mfpu=vfpv3 -mfloat-abi=hard -nostartfiles -Wall -Wextra"
"Compiling cpu_cortexa9"
"Running Make libs in ps7_cortexa9_0/libsrc/ddrps_v1_0/src"
make -C ps7_cortexa9_0/libsrc/ddrps_v1_0/src -s libs  "SHELL=CMD" "COMPILER=arm-none-eabi-gcc" "ARCHIVER=arm-none-eabi-ar" "COMPILER_FLAGS=  -O2 -c" "EXTRA_COMPILER_FLAGS=-mcpu=cortex-a9 -mfpu=vfpv3 -mfloat-abi=hard -nostartfiles -Wall -Wextra"
"Compiling ddrps"
"Running Make libs in ps7_cortexa9_0/libsrc/devcfg_v3_4/src"
make -C ps7_cortexa9_0/libsrc/devcfg_v3_4/src -s libs  "SHELL=CMD" "COMPILER=arm-none-eabi-gcc" "ARCHIVER=arm-none-eabi-ar" "COMPILER_FLAGS=  -O2 -c" "EXTRA_COMPILER_FLAGS=-mcpu=cortex-a9 -mfpu=vfpv3 -mfloat-abi=hard -nostartfiles -Wall -Wextra"
"Compiling devcfg"
"Running Make libs in ps7_cortexa9_0/libsrc/dmaps_v2_3/src"
make -C ps7_cortexa9_0/libsrc/dmaps_v2_3/src -s libs  "SHELL=CMD" "COMPILER=arm-none-eabi-gcc" "ARCHIVER=arm-none-eabi-ar" "COMPILER_FLAGS=  -O2 -c" "EXTRA_COMPILER_FLAGS=-mcpu=cortex-a9 -mfpu=vfpv3 -mfloat-abi=hard -nostartfiles -Wall -Wextra"
"Compiling dmaps"
"Running Make libs in ps7_cortexa9_0/libsrc/emacps_v3_4/src"
make -C ps7_cortexa9_0/libsrc/emacps_v3_4/src -s libs  "SHELL=CMD" "COMPILER=arm-none-eabi-gcc" "ARCHIVER=arm-none-eabi-ar" "COMPILER_FLAGS=  -O2 -c" "EXTRA_COMPILER_FLAGS=-mcpu=cortex-a9 -mfpu=vfpv3 -mfloat-abi=hard -nostartfiles -Wall -Wextra"
"Compiling emacps"
"Running Make libs in ps7_cortexa9_0/libsrc/gpio_v4_3/src"
make -C ps7_cortexa9_0/libsrc/gpio_v4_3/src -s libs  "SHELL=CMD" "COMPILER=arm-none-eabi-gcc" "ARCHIVER=arm-none-eabi-ar" "COMPILER_FLAGS=  -O2 -c" "EXTRA_COMPILER_FLAGS=-mcpu=cortex-a9 -mfpu=vfpv3 -mfloat-abi=hard -nostartfiles -Wall -Wextra"
"Compiling gpio"
"Running Make libs in ps7_cortexa9_0/libsrc/gpiops_v3_3/src"
make -C ps7_cortexa9_0/libsrc/gpiops_v3_3/src -s libs  "SHELL=CMD" "COMPILER=arm-none-eabi-gcc" "ARCHIVER=arm-none-eabi-ar" "COMPILER_FLAGS=  -O2 -c" "EXTRA_COMPILER_FLAGS=-mcpu=cortex-a9 -mfpu=vfpv3 -mfloat-abi=hard -nostartfiles -Wall -Wextra"
"Compiling gpiops"
"Running Make libs in ps7_cortexa9_0/libsrc/iic_v3_4/src"
make -C ps7_cortexa9_0/libsrc/iic_v3_4/src -s libs  "SHELL=CMD" "COMPILER=arm-none-eabi-gcc" "ARCHIVER=arm-none-eabi-ar" "COMPILER_FLAGS=  -O2 -c" "EXTRA_COMPILER_FLAGS=-mcpu=cortex-a9 -mfpu=vfpv3 -mfloat-abi=hard -nostartfiles -Wall -Wextra"
"Compiling iic"
"Running Make libs in ps7_cortexa9_0/libsrc/qspips_v3_3/src"
make -C ps7_cortexa9_0/libsrc/qspips_v3_3/src -s libs  "SHELL=CMD" "COMPILER=arm-none-eabi-gcc" "ARCHIVER=arm-none-eabi-ar" "COMPILER_FLAGS=  -O2 -c" "EXTRA_COMPILER_FLAGS=-mcpu=cortex-a9 -mfpu=vfpv3 -mfloat-abi=hard -nostartfiles -Wall -Wextra"
"Compiling qspips"
"Running Make libs in ps7_cortexa9_0/libsrc/scugic_v3_7/src"
make -C ps7_cortexa9_0/libsrc/scugic_v3_7/src -s libs  "SHELL=CMD" "COMPILER=arm-none-eabi-gcc" "ARCHIVER=arm-none-eabi-ar" "COMPILER_FLAGS=  -O2 -c" "EXTRA_COMPILER_FLAGS=-mcpu=cortex-a9 -mfpu=vfpv3 -mfloat-abi=hard -nostartfiles -Wall -Wextra"
"Compiling scugic"
xscugic_g.c:53:2: warning: missing initializer for field 'HandlerTable' of 'XScuGic_Config {aka struct <anonymous>}' [-Wmissing-field-initializers]
  }
  ^
In file included from xscugic_g.c:41:0:
xscugic.h:218:27: note: 'HandlerTable' declared here
  XScuGic_VectorTableEntry HandlerTable[XSCUGIC_MAX_NUM_INTR_INPUTS];/**<
                           ^~~~~~~~~~~~
"Running Make libs in ps7_cortexa9_0/libsrc/scutimer_v2_1/src"
make -C ps7_cortexa9_0/libsrc/scutimer_v2_1/src -s libs  "SHELL=CMD" "COMPILER=arm-none-eabi-gcc" "ARCHIVER=arm-none-eabi-ar" "COMPILER_FLAGS=  -O2 -c" "EXTRA_COMPILER_FLAGS=-mcpu=cortex-a9 -mfpu=vfpv3 -mfloat-abi=hard -nostartfiles -Wall -Wextra"
"Compiling scutimer"
"Running Make libs in ps7_cortexa9_0/libsrc/scuwdt_v2_1/src"
make -C ps7_cortexa9_0/libsrc/scuwdt_v2_1/src -s libs  "SHELL=CMD" "COMPILER=arm-none-eabi-gcc" "ARCHIVER=arm-none-eabi-ar" "COMPILER_FLAGS=  -O2 -c" "EXTRA_COMPILER_FLAGS=-mcpu=cortex-a9 -mfpu=vfpv3 -mfloat-abi=hard -nostartfiles -Wall -Wextra"
"Compiling scuwdt"
"Running Make libs in ps7_cortexa9_0/libsrc/sdps_v3_2/src"
make -C ps7_cortexa9_0/libsrc/sdps_v3_2/src -s libs  "SHELL=CMD" "COMPILER=arm-none-eabi-gcc" "ARCHIVER=arm-none-eabi-ar" "COMPILER_FLAGS=  -O2 -c" "EXTRA_COMPILER_FLAGS=-mcpu=cortex-a9 -mfpu=vfpv3 -mfloat-abi=hard -nostartfiles -Wall -Wextra"
"Compiling sdps"
"Running Make libs in ps7_cortexa9_0/libsrc/Sine_v1_0/src"
make -C ps7_cortexa9_0/libsrc/Sine_v1_0/src -s libs  "SHELL=CMD" "COMPILER=arm-none-eabi-gcc" "ARCHIVER=arm-none-eabi-ar" "COMPILER_FLAGS=  -O2 -c" "EXTRA_COMPILER_FLAGS=-mcpu=cortex-a9 -mfpu=vfpv3 -mfloat-abi=hard -nostartfiles -Wall -Wextra"
"Compiling Sine..."
Sine_selftest.c: In function 'SINE_Reg_SelfTest':
Sine_selftest.c:52:53: warning: comparison between signed and unsigned integer expressions [-Wsign-compare]
    if ( SINE_mReadReg (baseaddr, read_loop_index*4) != (read_loop_index+1)*READ_WRITE_MUL_FACTOR){
                                                     ^~
Sine_selftest.c:36:6: warning: unused variable 'Index' [-Wunused-variable]
  int Index;
      ^~~~~
"Running Make libs in ps7_cortexa9_0/libsrc/standalone_v6_3/src"
make -C ps7_cortexa9_0/libsrc/standalone_v6_3/src -s libs  "SHELL=CMD" "COMPILER=arm-none-eabi-gcc" "ARCHIVER=arm-none-eabi-ar" "COMPILER_FLAGS=  -O2 -c" "EXTRA_COMPILER_FLAGS=-mcpu=cortex-a9 -mfpu=vfpv3 -mfloat-abi=hard -nostartfiles -Wall -Wextra"
"Compiling standalone"
"Running Make libs in ps7_cortexa9_0/libsrc/uartps_v3_4/src"
make -C ps7_cortexa9_0/libsrc/uartps_v3_4/src -s libs  "SHELL=CMD" "COMPILER=arm-none-eabi-gcc" "ARCHIVER=arm-none-eabi-ar" "COMPILER_FLAGS=  -O2 -c" "EXTRA_COMPILER_FLAGS=-mcpu=cortex-a9 -mfpu=vfpv3 -mfloat-abi=hard -nostartfiles -Wall -Wextra"
"Compiling uartps"
"Running Make libs in ps7_cortexa9_0/libsrc/VFP_v1_0/src"
make -C ps7_cortexa9_0/libsrc/VFP_v1_0/src -s libs  "SHELL=CMD" "COMPILER=arm-none-eabi-gcc" "ARCHIVER=arm-none-eabi-ar" "COMPILER_FLAGS=  -O2 -c" "EXTRA_COMPILER_FLAGS=-mcpu=cortex-a9 -mfpu=vfpv3 -mfloat-abi=hard -nostartfiles -Wall -Wextra"
"Compiling VFP..."
VFP_selftest.c: In function 'VFP_Reg_SelfTest':
VFP_selftest.c:52:52: warning: comparison between signed and unsigned integer expressions [-Wsign-compare]
    if ( VFP_mReadReg (baseaddr, read_loop_index*4) != (read_loop_index+1)*READ_WRITE_MUL_FACTOR){
                                                    ^~
VFP_selftest.c:36:6: warning: unused variable 'Index' [-Wunused-variable]
  int Index;
      ^~~~~
"Running Make libs in ps7_cortexa9_0/libsrc/vtc_v7_2/src"
make -C ps7_cortexa9_0/libsrc/vtc_v7_2/src -s libs  "SHELL=CMD" "COMPILER=arm-none-eabi-gcc" "ARCHIVER=arm-none-eabi-ar" "COMPILER_FLAGS=  -O2 -c" "EXTRA_COMPILER_FLAGS=-mcpu=cortex-a9 -mfpu=vfpv3 -mfloat-abi=hard -nostartfiles -Wall -Wextra"
"Compiling video timing controller"
"Running Make libs in ps7_cortexa9_0/libsrc/xadcps_v2_2/src"
make -C ps7_cortexa9_0/libsrc/xadcps_v2_2/src -s libs  "SHELL=CMD" "COMPILER=arm-none-eabi-gcc" "ARCHIVER=arm-none-eabi-ar" "COMPILER_FLAGS=  -O2 -c" "EXTRA_COMPILER_FLAGS=-mcpu=cortex-a9 -mfpu=vfpv3 -mfloat-abi=hard -nostartfiles -Wall -Wextra"
"Compiling xadcps"
"Running Make libs in ps7_cortexa9_0/libsrc/xilffs_v3_6/src"
make -C ps7_cortexa9_0/libsrc/xilffs_v3_6/src -s libs  "SHELL=CMD" "COMPILER=arm-none-eabi-gcc" "ARCHIVER=arm-none-eabi-ar" "COMPILER_FLAGS=  -O2 -c" "EXTRA_COMPILER_FLAGS=-mcpu=cortex-a9 -mfpu=vfpv3 -mfloat-abi=hard -nostartfiles -Wall -Wextra"
"Compiling XilFFs Library"
"Running Make libs in ps7_cortexa9_0/libsrc/xilrsa_v1_3/src"
make -C ps7_cortexa9_0/libsrc/xilrsa_v1_3/src -s libs  "SHELL=CMD" "COMPILER=arm-none-eabi-gcc" "ARCHIVER=arm-none-eabi-ar" "COMPILER_FLAGS=  -O2 -c" "EXTRA_COMPILER_FLAGS=-mcpu=cortex-a9 -mfpu=vfpv3 -mfloat-abi=hard -nostartfiles -Wall -Wextra"
'Finished building libraries'
23:06:49 **** Clean-only build of configuration Debug for project fsbl ****
make clean 
rm -rf  ./src/fsbl_handoff.o ./src/fsbl_hooks.o ./src/image_mover.o ./src/main.o ./src/md5.o ./src/nand.o ./src/nor.o ./src/pcap.o ./src/ps7_init.o ./src/qspi.o ./src/rsa.o ./src/sd.o  ./src/fsbl_handoff.d  ./src/fsbl_hooks.d ./src/image_mover.d ./src/main.d ./src/md5.d ./src/nand.d ./src/nor.d ./src/pcap.d ./src/ps7_init.d ./src/qspi.d ./src/rsa.d ./src/sd.d  fsbl.elf.size  fsbl.elf
' '
23:06:50 **** Build of configuration Debug for project fsbl ****
make pre-build main-build 
a9-linaro-pre-build-step
' '
'Building file: ../src/fsbl_handoff.S'
'Invoking: ARM v7 gcc compiler'
arm-none-eabi-gcc -Wall -O0 -g3 -I"Z:\ZEDBOARD\workspace\sdk\ZEDBOARD_hw_platform_0" -c -fmessage-length=0 -MT"src/fsbl_handoff.o" -mcpu=cortex-a9 -mfpu=vfpv3 -mfloat-abi=hard -I../../fsbl_bsp/ps7_cortexa9_0/include -MMD -MP -MF"src/fsbl_handoff.d" -MT"src/fsbl_handoff.o" -o "src/fsbl_handoff.o" "../src/fsbl_handoff.S"
'Finished building: ../src/fsbl_handoff.S'
' '
'Building file: ../src/fsbl_hooks.c'
'Invoking: ARM v7 gcc compiler'
arm-none-eabi-gcc -Wall -O0 -g3 -I"Z:\ZEDBOARD\workspace\sdk\ZEDBOARD_hw_platform_0" -c -fmessage-length=0 -MT"src/fsbl_hooks.o" -mcpu=cortex-a9 -mfpu=vfpv3 -mfloat-abi=hard -I../../fsbl_bsp/ps7_cortexa9_0/include -MMD -MP -MF"src/fsbl_hooks.d" -MT"src/fsbl_hooks.o" -o "src/fsbl_hooks.o" "../src/fsbl_hooks.c"
'Finished building: ../src/fsbl_hooks.c'
' '
'Building file: ../src/image_mover.c'
'Invoking: ARM v7 gcc compiler'
arm-none-eabi-gcc -Wall -O0 -g3 -I"Z:\ZEDBOARD\workspace\sdk\ZEDBOARD_hw_platform_0" -c -fmessage-length=0 -MT"src/image_mover.o" -mcpu=cortex-a9 -mfpu=vfpv3 -mfloat-abi=hard -I../../fsbl_bsp/ps7_cortexa9_0/include -MMD -MP -MF"src/image_mover.d" -MT"src/image_mover.o" -o "src/image_mover.o" "../src/image_mover.c"
'Finished building: ../src/image_mover.c'
' '
'Building file: ../src/main.c'
'Invoking: ARM v7 gcc compiler'
arm-none-eabi-gcc -Wall -O0 -g3 -I"Z:\ZEDBOARD\workspace\sdk\ZEDBOARD_hw_platform_0" -c -fmessage-length=0 -MT"src/main.o" -mcpu=cortex-a9 -mfpu=vfpv3 -mfloat-abi=hard -I../../fsbl_bsp/ps7_cortexa9_0/include -MMD -MP -MF"src/main.d" -MT"src/main.o" -o "src/main.o" "../src/main.c"
'Finished building: ../src/main.c'
' '
'Building file: ../src/md5.c'
'Invoking: ARM v7 gcc compiler'
arm-none-eabi-gcc -Wall -O0 -g3 -I"Z:\ZEDBOARD\workspace\sdk\ZEDBOARD_hw_platform_0" -c -fmessage-length=0 -MT"src/md5.o" -mcpu=cortex-a9 -mfpu=vfpv3 -mfloat-abi=hard -I../../fsbl_bsp/ps7_cortexa9_0/include -MMD -MP -MF"src/md5.d" -MT"src/md5.o" -o "src/md5.o" "../src/md5.c"
'Finished building: ../src/md5.c'
' '
'Building file: ../src/nand.c'
'Invoking: ARM v7 gcc compiler'
arm-none-eabi-gcc -Wall -O0 -g3 -I"Z:\ZEDBOARD\workspace\sdk\ZEDBOARD_hw_platform_0" -c -fmessage-length=0 -MT"src/nand.o" -mcpu=cortex-a9 -mfpu=vfpv3 -mfloat-abi=hard -I../../fsbl_bsp/ps7_cortexa9_0/include -MMD -MP -MF"src/nand.d" -MT"src/nand.o" -o "src/nand.o" "../src/nand.c"
'Finished building: ../src/nand.c'
' '
'Building file: ../src/nor.c'
'Invoking: ARM v7 gcc compiler'
arm-none-eabi-gcc -Wall -O0 -g3 -I"Z:\ZEDBOARD\workspace\sdk\ZEDBOARD_hw_platform_0" -c -fmessage-length=0 -MT"src/nor.o" -mcpu=cortex-a9 -mfpu=vfpv3 -mfloat-abi=hard -I../../fsbl_bsp/ps7_cortexa9_0/include -MMD -MP -MF"src/nor.d" -MT"src/nor.o" -o "src/nor.o" "../src/nor.c"
'Finished building: ../src/nor.c'
' '
'Building file: ../src/pcap.c'
'Invoking: ARM v7 gcc compiler'
arm-none-eabi-gcc -Wall -O0 -g3 -I"Z:\ZEDBOARD\workspace\sdk\ZEDBOARD_hw_platform_0" -c -fmessage-length=0 -MT"src/pcap.o" -mcpu=cortex-a9 -mfpu=vfpv3 -mfloat-abi=hard -I../../fsbl_bsp/ps7_cortexa9_0/include -MMD -MP -MF"src/pcap.d" -MT"src/pcap.o" -o "src/pcap.o" "../src/pcap.c"
'Finished building: ../src/pcap.c'
' '
'Building file: Z:/ZEDBOARD/workspace/sdk/ZEDBOARD_hw_platform_0/ps7_init.c'
'Invoking: ARM v7 gcc compiler'
arm-none-eabi-gcc -Wall -O0 -g3 -I"Z:\ZEDBOARD\workspace\sdk\ZEDBOARD_hw_platform_0" -c -fmessage-length=0 -MT"src/ps7_init.o" -mcpu=cortex-a9 -mfpu=vfpv3 -mfloat-abi=hard -I../../fsbl_bsp/ps7_cortexa9_0/include -MMD -MP -MF"src/ps7_init.d" -MT"src/ps7_init.o" -o "src/ps7_init.o" "Z:/ZEDBOARD/workspace/sdk/ZEDBOARD_hw_platform_0/ps7_init.c"
'Finished building: Z:/ZEDBOARD/workspace/sdk/ZEDBOARD_hw_platform_0/ps7_init.c'
' '
'Building file: ../src/qspi.c'
'Invoking: ARM v7 gcc compiler'
arm-none-eabi-gcc -Wall -O0 -g3 -I"Z:\ZEDBOARD\workspace\sdk\ZEDBOARD_hw_platform_0" -c -fmessage-length=0 -MT"src/qspi.o" -mcpu=cortex-a9 -mfpu=vfpv3 -mfloat-abi=hard -I../../fsbl_bsp/ps7_cortexa9_0/include -MMD -MP -MF"src/qspi.d" -MT"src/qspi.o" -o "src/qspi.o" "../src/qspi.c"
'Finished building: ../src/qspi.c'
' '
'Building file: ../src/rsa.c'
'Invoking: ARM v7 gcc compiler'
arm-none-eabi-gcc -Wall -O0 -g3 -I"Z:\ZEDBOARD\workspace\sdk\ZEDBOARD_hw_platform_0" -c -fmessage-length=0 -MT"src/rsa.o" -mcpu=cortex-a9 -mfpu=vfpv3 -mfloat-abi=hard -I../../fsbl_bsp/ps7_cortexa9_0/include -MMD -MP -MF"src/rsa.d" -MT"src/rsa.o" -o "src/rsa.o" "../src/rsa.c"
'Finished building: ../src/rsa.c'
' '
'Building file: ../src/sd.c'
'Invoking: ARM v7 gcc compiler'
arm-none-eabi-gcc -Wall -O0 -g3 -I"Z:\ZEDBOARD\workspace\sdk\ZEDBOARD_hw_platform_0" -c -fmessage-length=0 -MT"src/sd.o" -mcpu=cortex-a9 -mfpu=vfpv3 -mfloat-abi=hard -I../../fsbl_bsp/ps7_cortexa9_0/include -MMD -MP -MF"src/sd.d" -MT"src/sd.o" -o "src/sd.o" "../src/sd.c"
'Finished building: ../src/sd.c'
' '
'Building target: fsbl.elf'
'Invoking: ARM v7 gcc linker'
arm-none-eabi-gcc -mcpu=cortex-a9 -mfpu=vfpv3 -mfloat-abi=hard -Wl,-build-id=none -specs=Xilinx.spec -Wl,-T -Wl,../src/lscript.ld -L../../fsbl_bsp/ps7_cortexa9_0/lib -o "fsbl.elf"  ./src/fsbl_handoff.o ./src/fsbl_hooks.o ./src/image_mover.o ./src/main.o ./src/md5.o ./src/nand.o ./src/nor.o ./src/pcap.o ./src/ps7_init.o ./src/qspi.o ./src/rsa.o ./src/sd.o   -Wl,--start-group,-lxil,-lgcc,-lc,--end-group -Wl,--start-group,-lxilffs,-lxil,-lgcc,-lc,--end-group -Wl,--start-group,-lrsa,-lxil,-lgcc,-lc,--end-group
'Finished building target: fsbl.elf'
' '
'Invoking: ARM v7 Print Size'
arm-none-eabi-size fsbl.elf  |tee "fsbl.elf.size"
   text	   data	    bss	    dec	    hex	filename
  80104	  11576	  74344	 166024	  28888	fsbl.elf
'Finished building: fsbl.elf.size'
' '
23:07:05 **** Build of project vfpWebCamera_bsp ****
make -k all 
"Running Make include in ps7_cortexa9_0/libsrc/axivdma_v6_3/src"
make -C ps7_cortexa9_0/libsrc/axivdma_v6_3/src -s include  "SHELL=CMD" "COMPILER=arm-none-eabi-gcc" "ARCHIVER=arm-none-eabi-ar" "COMPILER_FLAGS=  -O2 -c" "EXTRA_COMPILER_FLAGS=-mcpu=cortex-a9 -mfpu=vfpv3 -mfloat-abi=hard -nostartfiles -Wall -Wextra"
"Running Make include in ps7_cortexa9_0/libsrc/coresightps_dcc_v1_4/src"
make -C ps7_cortexa9_0/libsrc/coresightps_dcc_v1_4/src -s include  "SHELL=CMD" "COMPILER=arm-none-eabi-gcc" "ARCHIVER=arm-none-eabi-ar" "COMPILER_FLAGS=  -O2 -c" "EXTRA_COMPILER_FLAGS=-mcpu=cortex-a9 -mfpu=vfpv3 -mfloat-abi=hard -nostartfiles -Wall -Wextra"
"Running Make include in ps7_cortexa9_0/libsrc/cpu_cortexa9_v2_4/src"
make -C ps7_cortexa9_0/libsrc/cpu_cortexa9_v2_4/src -s include  "SHELL=CMD" "COMPILER=arm-none-eabi-gcc" "ARCHIVER=arm-none-eabi-ar" "COMPILER_FLAGS=  -O2 -c" "EXTRA_COMPILER_FLAGS=-mcpu=cortex-a9 -mfpu=vfpv3 -mfloat-abi=hard -nostartfiles -Wall -Wextra"
"Running Make include in ps7_cortexa9_0/libsrc/ddrps_v1_0/src"
make -C ps7_cortexa9_0/libsrc/ddrps_v1_0/src -s include  "SHELL=CMD" "COMPILER=arm-none-eabi-gcc" "ARCHIVER=arm-none-eabi-ar" "COMPILER_FLAGS=  -O2 -c" "EXTRA_COMPILER_FLAGS=-mcpu=cortex-a9 -mfpu=vfpv3 -mfloat-abi=hard -nostartfiles -Wall -Wextra"
"Running Make include in ps7_cortexa9_0/libsrc/devcfg_v3_4/src"
make -C ps7_cortexa9_0/libsrc/devcfg_v3_4/src -s include  "SHELL=CMD" "COMPILER=arm-none-eabi-gcc" "ARCHIVER=arm-none-eabi-ar" "COMPILER_FLAGS=  -O2 -c" "EXTRA_COMPILER_FLAGS=-mcpu=cortex-a9 -mfpu=vfpv3 -mfloat-abi=hard -nostartfiles -Wall -Wextra"
"Running Make include in ps7_cortexa9_0/libsrc/dmaps_v2_3/src"
make -C ps7_cortexa9_0/libsrc/dmaps_v2_3/src -s include  "SHELL=CMD" "COMPILER=arm-none-eabi-gcc" "ARCHIVER=arm-none-eabi-ar" "COMPILER_FLAGS=  -O2 -c" "EXTRA_COMPILER_FLAGS=-mcpu=cortex-a9 -mfpu=vfpv3 -mfloat-abi=hard -nostartfiles -Wall -Wextra"
"Running Make include in ps7_cortexa9_0/libsrc/emacps_v3_4/src"
make -C ps7_cortexa9_0/libsrc/emacps_v3_4/src -s include  "SHELL=CMD" "COMPILER=arm-none-eabi-gcc" "ARCHIVER=arm-none-eabi-ar" "COMPILER_FLAGS=  -O2 -c" "EXTRA_COMPILER_FLAGS=-mcpu=cortex-a9 -mfpu=vfpv3 -mfloat-abi=hard -nostartfiles -Wall -Wextra"
"Running Make include in ps7_cortexa9_0/libsrc/gpio_v4_3/src"
make -C ps7_cortexa9_0/libsrc/gpio_v4_3/src -s include  "SHELL=CMD" "COMPILER=arm-none-eabi-gcc" "ARCHIVER=arm-none-eabi-ar" "COMPILER_FLAGS=  -O2 -c" "EXTRA_COMPILER_FLAGS=-mcpu=cortex-a9 -mfpu=vfpv3 -mfloat-abi=hard -nostartfiles -Wall -Wextra"
"Running Make include in ps7_cortexa9_0/libsrc/gpiops_v3_3/src"
make -C ps7_cortexa9_0/libsrc/gpiops_v3_3/src -s include  "SHELL=CMD" "COMPILER=arm-none-eabi-gcc" "ARCHIVER=arm-none-eabi-ar" "COMPILER_FLAGS=  -O2 -c" "EXTRA_COMPILER_FLAGS=-mcpu=cortex-a9 -mfpu=vfpv3 -mfloat-abi=hard -nostartfiles -Wall -Wextra"
"Running Make include in ps7_cortexa9_0/libsrc/iic_v3_4/src"
make -C ps7_cortexa9_0/libsrc/iic_v3_4/src -s include  "SHELL=CMD" "COMPILER=arm-none-eabi-gcc" "ARCHIVER=arm-none-eabi-ar" "COMPILER_FLAGS=  -O2 -c" "EXTRA_COMPILER_FLAGS=-mcpu=cortex-a9 -mfpu=vfpv3 -mfloat-abi=hard -nostartfiles -Wall -Wextra"
"Running Make include in ps7_cortexa9_0/libsrc/lwip141_v1_8/src"
make -C ps7_cortexa9_0/libsrc/lwip141_v1_8/src -s include  "SHELL=CMD" "COMPILER=arm-none-eabi-gcc" "ARCHIVER=arm-none-eabi-ar" "COMPILER_FLAGS=  -O2 -c" "EXTRA_COMPILER_FLAGS=-mcpu=cortex-a9 -mfpu=vfpv3 -mfloat-abi=hard -nostartfiles -Wall -Wextra"
"Running Make include in ps7_cortexa9_0/libsrc/qspips_v3_3/src"
make -C ps7_cortexa9_0/libsrc/qspips_v3_3/src -s include  "SHELL=CMD" "COMPILER=arm-none-eabi-gcc" "ARCHIVER=arm-none-eabi-ar" "COMPILER_FLAGS=  -O2 -c" "EXTRA_COMPILER_FLAGS=-mcpu=cortex-a9 -mfpu=vfpv3 -mfloat-abi=hard -nostartfiles -Wall -Wextra"
"Running Make include in ps7_cortexa9_0/libsrc/scugic_v3_7/src"
make -C ps7_cortexa9_0/libsrc/scugic_v3_7/src -s include  "SHELL=CMD" "COMPILER=arm-none-eabi-gcc" "ARCHIVER=arm-none-eabi-ar" "COMPILER_FLAGS=  -O2 -c" "EXTRA_COMPILER_FLAGS=-mcpu=cortex-a9 -mfpu=vfpv3 -mfloat-abi=hard -nostartfiles -Wall -Wextra"
"Running Make include in ps7_cortexa9_0/libsrc/scutimer_v2_1/src"
make -C ps7_cortexa9_0/libsrc/scutimer_v2_1/src -s include  "SHELL=CMD" "COMPILER=arm-none-eabi-gcc" "ARCHIVER=arm-none-eabi-ar" "COMPILER_FLAGS=  -O2 -c" "EXTRA_COMPILER_FLAGS=-mcpu=cortex-a9 -mfpu=vfpv3 -mfloat-abi=hard -nostartfiles -Wall -Wextra"
"Running Make include in ps7_cortexa9_0/libsrc/scuwdt_v2_1/src"
make -C ps7_cortexa9_0/libsrc/scuwdt_v2_1/src -s include  "SHELL=CMD" "COMPILER=arm-none-eabi-gcc" "ARCHIVER=arm-none-eabi-ar" "COMPILER_FLAGS=  -O2 -c" "EXTRA_COMPILER_FLAGS=-mcpu=cortex-a9 -mfpu=vfpv3 -mfloat-abi=hard -nostartfiles -Wall -Wextra"
"Running Make include in ps7_cortexa9_0/libsrc/sdps_v3_2/src"
make -C ps7_cortexa9_0/libsrc/sdps_v3_2/src -s include  "SHELL=CMD" "COMPILER=arm-none-eabi-gcc" "ARCHIVER=arm-none-eabi-ar" "COMPILER_FLAGS=  -O2 -c" "EXTRA_COMPILER_FLAGS=-mcpu=cortex-a9 -mfpu=vfpv3 -mfloat-abi=hard -nostartfiles -Wall -Wextra"
"Running Make include in ps7_cortexa9_0/libsrc/Sine_v1_0/src"
make -C ps7_cortexa9_0/libsrc/Sine_v1_0/src -s include  "SHELL=CMD" "COMPILER=arm-none-eabi-gcc" "ARCHIVER=arm-none-eabi-ar" "COMPILER_FLAGS=  -O2 -c" "EXTRA_COMPILER_FLAGS=-mcpu=cortex-a9 -mfpu=vfpv3 -mfloat-abi=hard -nostartfiles -Wall -Wextra"
"Running Make include in ps7_cortexa9_0/libsrc/standalone_v6_3/src"
make -C ps7_cortexa9_0/libsrc/standalone_v6_3/src -s include  "SHELL=CMD" "COMPILER=arm-none-eabi-gcc" "ARCHIVER=arm-none-eabi-ar" "COMPILER_FLAGS=  -O2 -c" "EXTRA_COMPILER_FLAGS=-mcpu=cortex-a9 -mfpu=vfpv3 -mfloat-abi=hard -nostartfiles -Wall -Wextra"
"Running Make include in ps7_cortexa9_0/libsrc/uartps_v3_4/src"
make -C ps7_cortexa9_0/libsrc/uartps_v3_4/src -s include  "SHELL=CMD" "COMPILER=arm-none-eabi-gcc" "ARCHIVER=arm-none-eabi-ar" "COMPILER_FLAGS=  -O2 -c" "EXTRA_COMPILER_FLAGS=-mcpu=cortex-a9 -mfpu=vfpv3 -mfloat-abi=hard -nostartfiles -Wall -Wextra"
"Running Make include in ps7_cortexa9_0/libsrc/VFP_v1_0/src"
make -C ps7_cortexa9_0/libsrc/VFP_v1_0/src -s include  "SHELL=CMD" "COMPILER=arm-none-eabi-gcc" "ARCHIVER=arm-none-eabi-ar" "COMPILER_FLAGS=  -O2 -c" "EXTRA_COMPILER_FLAGS=-mcpu=cortex-a9 -mfpu=vfpv3 -mfloat-abi=hard -nostartfiles -Wall -Wextra"
"Running Make include in ps7_cortexa9_0/libsrc/vtc_v7_2/src"
make -C ps7_cortexa9_0/libsrc/vtc_v7_2/src -s include  "SHELL=CMD" "COMPILER=arm-none-eabi-gcc" "ARCHIVER=arm-none-eabi-ar" "COMPILER_FLAGS=  -O2 -c" "EXTRA_COMPILER_FLAGS=-mcpu=cortex-a9 -mfpu=vfpv3 -mfloat-abi=hard -nostartfiles -Wall -Wextra"
"Running Make include in ps7_cortexa9_0/libsrc/xadcps_v2_2/src"
make -C ps7_cortexa9_0/libsrc/xadcps_v2_2/src -s include  "SHELL=CMD" "COMPILER=arm-none-eabi-gcc" "ARCHIVER=arm-none-eabi-ar" "COMPILER_FLAGS=  -O2 -c" "EXTRA_COMPILER_FLAGS=-mcpu=cortex-a9 -mfpu=vfpv3 -mfloat-abi=hard -nostartfiles -Wall -Wextra"
"Running Make include in ps7_cortexa9_0/libsrc/xilffs_v3_6/src"
make -C ps7_cortexa9_0/libsrc/xilffs_v3_6/src -s include  "SHELL=CMD" "COMPILER=arm-none-eabi-gcc" "ARCHIVER=arm-none-eabi-ar" "COMPILER_FLAGS=  -O2 -c" "EXTRA_COMPILER_FLAGS=-mcpu=cortex-a9 -mfpu=vfpv3 -mfloat-abi=hard -nostartfiles -Wall -Wextra"
"Running Make include in ps7_cortexa9_0/libsrc/xilmfs_v2_3/src"
make -C ps7_cortexa9_0/libsrc/xilmfs_v2_3/src -s include  "SHELL=CMD" "COMPILER=arm-none-eabi-gcc" "ARCHIVER=arm-none-eabi-ar" "COMPILER_FLAGS=  -O2 -c" "EXTRA_COMPILER_FLAGS=-mcpu=cortex-a9 -mfpu=vfpv3 -mfloat-abi=hard -nostartfiles -Wall -Wextra"
"Running Make libs in ps7_cortexa9_0/libsrc/axivdma_v6_3/src"
make -C ps7_cortexa9_0/libsrc/axivdma_v6_3/src -s libs  "SHELL=CMD" "COMPILER=arm-none-eabi-gcc" "ARCHIVER=arm-none-eabi-ar" "COMPILER_FLAGS=  -O2 -c" "EXTRA_COMPILER_FLAGS=-mcpu=cortex-a9 -mfpu=vfpv3 -mfloat-abi=hard -nostartfiles -Wall -Wextra"
"Compiling axivdma"
"Running Make libs in ps7_cortexa9_0/libsrc/coresightps_dcc_v1_4/src"
make -C ps7_cortexa9_0/libsrc/coresightps_dcc_v1_4/src -s libs  "SHELL=CMD" "COMPILER=arm-none-eabi-gcc" "ARCHIVER=arm-none-eabi-ar" "COMPILER_FLAGS=  -O2 -c" "EXTRA_COMPILER_FLAGS=-mcpu=cortex-a9 -mfpu=vfpv3 -mfloat-abi=hard -nostartfiles -Wall -Wextra"
"Compiling coresightps_dcc"
"Running Make libs in ps7_cortexa9_0/libsrc/cpu_cortexa9_v2_4/src"
make -C ps7_cortexa9_0/libsrc/cpu_cortexa9_v2_4/src -s libs  "SHELL=CMD" "COMPILER=arm-none-eabi-gcc" "ARCHIVER=arm-none-eabi-ar" "COMPILER_FLAGS=  -O2 -c" "EXTRA_COMPILER_FLAGS=-mcpu=cortex-a9 -mfpu=vfpv3 -mfloat-abi=hard -nostartfiles -Wall -Wextra"
"Compiling cpu_cortexa9"
"Running Make libs in ps7_cortexa9_0/libsrc/ddrps_v1_0/src"
make -C ps7_cortexa9_0/libsrc/ddrps_v1_0/src -s libs  "SHELL=CMD" "COMPILER=arm-none-eabi-gcc" "ARCHIVER=arm-none-eabi-ar" "COMPILER_FLAGS=  -O2 -c" "EXTRA_COMPILER_FLAGS=-mcpu=cortex-a9 -mfpu=vfpv3 -mfloat-abi=hard -nostartfiles -Wall -Wextra"
"Compiling ddrps"
"Running Make libs in ps7_cortexa9_0/libsrc/devcfg_v3_4/src"
make -C ps7_cortexa9_0/libsrc/devcfg_v3_4/src -s libs  "SHELL=CMD" "COMPILER=arm-none-eabi-gcc" "ARCHIVER=arm-none-eabi-ar" "COMPILER_FLAGS=  -O2 -c" "EXTRA_COMPILER_FLAGS=-mcpu=cortex-a9 -mfpu=vfpv3 -mfloat-abi=hard -nostartfiles -Wall -Wextra"
"Compiling devcfg"
"Running Make libs in ps7_cortexa9_0/libsrc/dmaps_v2_3/src"
make -C ps7_cortexa9_0/libsrc/dmaps_v2_3/src -s libs  "SHELL=CMD" "COMPILER=arm-none-eabi-gcc" "ARCHIVER=arm-none-eabi-ar" "COMPILER_FLAGS=  -O2 -c" "EXTRA_COMPILER_FLAGS=-mcpu=cortex-a9 -mfpu=vfpv3 -mfloat-abi=hard -nostartfiles -Wall -Wextra"
"Compiling dmaps"
"Running Make libs in ps7_cortexa9_0/libsrc/emacps_v3_4/src"
make -C ps7_cortexa9_0/libsrc/emacps_v3_4/src -s libs  "SHELL=CMD" "COMPILER=arm-none-eabi-gcc" "ARCHIVER=arm-none-eabi-ar" "COMPILER_FLAGS=  -O2 -c" "EXTRA_COMPILER_FLAGS=-mcpu=cortex-a9 -mfpu=vfpv3 -mfloat-abi=hard -nostartfiles -Wall -Wextra"
"Compiling emacps"
"Running Make libs in ps7_cortexa9_0/libsrc/gpio_v4_3/src"
make -C ps7_cortexa9_0/libsrc/gpio_v4_3/src -s libs  "SHELL=CMD" "COMPILER=arm-none-eabi-gcc" "ARCHIVER=arm-none-eabi-ar" "COMPILER_FLAGS=  -O2 -c" "EXTRA_COMPILER_FLAGS=-mcpu=cortex-a9 -mfpu=vfpv3 -mfloat-abi=hard -nostartfiles -Wall -Wextra"
"Compiling gpio"
"Running Make libs in ps7_cortexa9_0/libsrc/gpiops_v3_3/src"
make -C ps7_cortexa9_0/libsrc/gpiops_v3_3/src -s libs  "SHELL=CMD" "COMPILER=arm-none-eabi-gcc" "ARCHIVER=arm-none-eabi-ar" "COMPILER_FLAGS=  -O2 -c" "EXTRA_COMPILER_FLAGS=-mcpu=cortex-a9 -mfpu=vfpv3 -mfloat-abi=hard -nostartfiles -Wall -Wextra"
"Compiling gpiops"
"Running Make libs in ps7_cortexa9_0/libsrc/iic_v3_4/src"
make -C ps7_cortexa9_0/libsrc/iic_v3_4/src -s libs  "SHELL=CMD" "COMPILER=arm-none-eabi-gcc" "ARCHIVER=arm-none-eabi-ar" "COMPILER_FLAGS=  -O2 -c" "EXTRA_COMPILER_FLAGS=-mcpu=cortex-a9 -mfpu=vfpv3 -mfloat-abi=hard -nostartfiles -Wall -Wextra"
"Compiling iic"
"Running Make libs in ps7_cortexa9_0/libsrc/lwip141_v1_8/src"
make -C ps7_cortexa9_0/libsrc/lwip141_v1_8/src -s libs  "SHELL=CMD" "COMPILER=arm-none-eabi-gcc" "ARCHIVER=arm-none-eabi-ar" "COMPILER_FLAGS=  -O2 -c" "EXTRA_COMPILER_FLAGS=-mcpu=cortex-a9 -mfpu=vfpv3 -mfloat-abi=hard -nostartfiles -Wall -Wextra"
"Compiling lwip src and adapter files"
"Running Make libs in ps7_cortexa9_0/libsrc/qspips_v3_3/src"
make -C ps7_cortexa9_0/libsrc/qspips_v3_3/src -s libs  "SHELL=CMD" "COMPILER=arm-none-eabi-gcc" "ARCHIVER=arm-none-eabi-ar" "COMPILER_FLAGS=  -O2 -c" "EXTRA_COMPILER_FLAGS=-mcpu=cortex-a9 -mfpu=vfpv3 -mfloat-abi=hard -nostartfiles -Wall -Wextra"
"Compiling qspips"
"Running Make libs in ps7_cortexa9_0/libsrc/scugic_v3_7/src"
make -C ps7_cortexa9_0/libsrc/scugic_v3_7/src -s libs  "SHELL=CMD" "COMPILER=arm-none-eabi-gcc" "ARCHIVER=arm-none-eabi-ar" "COMPILER_FLAGS=  -O2 -c" "EXTRA_COMPILER_FLAGS=-mcpu=cortex-a9 -mfpu=vfpv3 -mfloat-abi=hard -nostartfiles -Wall -Wextra"
"Compiling scugic"
xscugic_g.c:53:2: warning: missing initializer for field 'HandlerTable' of 'XScuGic_Config {aka struct <anonymous>}' [-Wmissing-field-initializers]
  }
  ^
In file included from xscugic_g.c:41:0:
xscugic.h:218:27: note: 'HandlerTable' declared here
  XScuGic_VectorTableEntry HandlerTable[XSCUGIC_MAX_NUM_INTR_INPUTS];/**<
                           ^~~~~~~~~~~~
"Running Make libs in ps7_cortexa9_0/libsrc/scutimer_v2_1/src"
make -C ps7_cortexa9_0/libsrc/scutimer_v2_1/src -s libs  "SHELL=CMD" "COMPILER=arm-none-eabi-gcc" "ARCHIVER=arm-none-eabi-ar" "COMPILER_FLAGS=  -O2 -c" "EXTRA_COMPILER_FLAGS=-mcpu=cortex-a9 -mfpu=vfpv3 -mfloat-abi=hard -nostartfiles -Wall -Wextra"
"Compiling scutimer"
"Running Make libs in ps7_cortexa9_0/libsrc/scuwdt_v2_1/src"
make -C ps7_cortexa9_0/libsrc/scuwdt_v2_1/src -s libs  "SHELL=CMD" "COMPILER=arm-none-eabi-gcc" "ARCHIVER=arm-none-eabi-ar" "COMPILER_FLAGS=  -O2 -c" "EXTRA_COMPILER_FLAGS=-mcpu=cortex-a9 -mfpu=vfpv3 -mfloat-abi=hard -nostartfiles -Wall -Wextra"
"Compiling scuwdt"
"Running Make libs in ps7_cortexa9_0/libsrc/sdps_v3_2/src"
make -C ps7_cortexa9_0/libsrc/sdps_v3_2/src -s libs  "SHELL=CMD" "COMPILER=arm-none-eabi-gcc" "ARCHIVER=arm-none-eabi-ar" "COMPILER_FLAGS=  -O2 -c" "EXTRA_COMPILER_FLAGS=-mcpu=cortex-a9 -mfpu=vfpv3 -mfloat-abi=hard -nostartfiles -Wall -Wextra"
"Compiling sdps"
"Running Make libs in ps7_cortexa9_0/libsrc/Sine_v1_0/src"
make -C ps7_cortexa9_0/libsrc/Sine_v1_0/src -s libs  "SHELL=CMD" "COMPILER=arm-none-eabi-gcc" "ARCHIVER=arm-none-eabi-ar" "COMPILER_FLAGS=  -O2 -c" "EXTRA_COMPILER_FLAGS=-mcpu=cortex-a9 -mfpu=vfpv3 -mfloat-abi=hard -nostartfiles -Wall -Wextra"
"Compiling Sine..."
Sine_selftest.c: In function 'SINE_Reg_SelfTest':
Sine_selftest.c:52:53: warning: comparison between signed and unsigned integer expressions [-Wsign-compare]
    if ( SINE_mReadReg (baseaddr, read_loop_index*4) != (read_loop_index+1)*READ_WRITE_MUL_FACTOR){
                                                     ^~
Sine_selftest.c:36:6: warning: unused variable 'Index' [-Wunused-variable]
  int Index;
      ^~~~~
"Running Make libs in ps7_cortexa9_0/libsrc/standalone_v6_3/src"
make -C ps7_cortexa9_0/libsrc/standalone_v6_3/src -s libs  "SHELL=CMD" "COMPILER=arm-none-eabi-gcc" "ARCHIVER=arm-none-eabi-ar" "COMPILER_FLAGS=  -O2 -c" "EXTRA_COMPILER_FLAGS=-mcpu=cortex-a9 -mfpu=vfpv3 -mfloat-abi=hard -nostartfiles -Wall -Wextra"
"Compiling standalone"
"Running Make libs in ps7_cortexa9_0/libsrc/uartps_v3_4/src"
make -C ps7_cortexa9_0/libsrc/uartps_v3_4/src -s libs  "SHELL=CMD" "COMPILER=arm-none-eabi-gcc" "ARCHIVER=arm-none-eabi-ar" "COMPILER_FLAGS=  -O2 -c" "EXTRA_COMPILER_FLAGS=-mcpu=cortex-a9 -mfpu=vfpv3 -mfloat-abi=hard -nostartfiles -Wall -Wextra"
"Compiling uartps"
"Running Make libs in ps7_cortexa9_0/libsrc/VFP_v1_0/src"
make -C ps7_cortexa9_0/libsrc/VFP_v1_0/src -s libs  "SHELL=CMD" "COMPILER=arm-none-eabi-gcc" "ARCHIVER=arm-none-eabi-ar" "COMPILER_FLAGS=  -O2 -c" "EXTRA_COMPILER_FLAGS=-mcpu=cortex-a9 -mfpu=vfpv3 -mfloat-abi=hard -nostartfiles -Wall -Wextra"
"Compiling VFP..."
VFP_selftest.c: In function 'VFP_Reg_SelfTest':
VFP_selftest.c:52:52: warning: comparison between signed and unsigned integer expressions [-Wsign-compare]
    if ( VFP_mReadReg (baseaddr, read_loop_index*4) != (read_loop_index+1)*READ_WRITE_MUL_FACTOR){
                                                    ^~
VFP_selftest.c:36:6: warning: unused variable 'Index' [-Wunused-variable]
  int Index;
      ^~~~~
"Running Make libs in ps7_cortexa9_0/libsrc/vtc_v7_2/src"
make -C ps7_cortexa9_0/libsrc/vtc_v7_2/src -s libs  "SHELL=CMD" "COMPILER=arm-none-eabi-gcc" "ARCHIVER=arm-none-eabi-ar" "COMPILER_FLAGS=  -O2 -c" "EXTRA_COMPILER_FLAGS=-mcpu=cortex-a9 -mfpu=vfpv3 -mfloat-abi=hard -nostartfiles -Wall -Wextra"
"Compiling video timing controller"
"Running Make libs in ps7_cortexa9_0/libsrc/xadcps_v2_2/src"
make -C ps7_cortexa9_0/libsrc/xadcps_v2_2/src -s libs  "SHELL=CMD" "COMPILER=arm-none-eabi-gcc" "ARCHIVER=arm-none-eabi-ar" "COMPILER_FLAGS=  -O2 -c" "EXTRA_COMPILER_FLAGS=-mcpu=cortex-a9 -mfpu=vfpv3 -mfloat-abi=hard -nostartfiles -Wall -Wextra"
"Compiling xadcps"
"Running Make libs in ps7_cortexa9_0/libsrc/xilffs_v3_6/src"
make -C ps7_cortexa9_0/libsrc/xilffs_v3_6/src -s libs  "SHELL=CMD" "COMPILER=arm-none-eabi-gcc" "ARCHIVER=arm-none-eabi-ar" "COMPILER_FLAGS=  -O2 -c" "EXTRA_COMPILER_FLAGS=-mcpu=cortex-a9 -mfpu=vfpv3 -mfloat-abi=hard -nostartfiles -Wall -Wextra"
"Compiling XilFFs Library"
"Running Make libs in ps7_cortexa9_0/libsrc/xilmfs_v2_3/src"
make -C ps7_cortexa9_0/libsrc/xilmfs_v2_3/src -s libs  "SHELL=CMD" "COMPILER=arm-none-eabi-gcc" "ARCHIVER=arm-none-eabi-ar" "COMPILER_FLAGS=  -O2 -c" "EXTRA_COMPILER_FLAGS=-mcpu=cortex-a9 -mfpu=vfpv3 -mfloat-abi=hard -nostartfiles -Wall -Wextra"
"Compiling XilMFS Library"
'Finished building libraries'
23:07:52 **** Clean-only build of configuration Debug for project vfpWebCamera ****
make clean 
rm -rf  ./src/WEB/webserver/dispatch.o ./src/WEB/webserver/echo.o ./src/WEB/webserver/http_response.o ./src/WEB/webserver/platform_gpio.o ./src/WEB/webserver/web_utils.o ./src/WEB/webserver/webserver.o  ./src/WEB/tftpserver/tftpserver.o ./src/WEB/tftpserver/tftputils.o  ./src/WEB/rx_tx/rxperf.o ./src/WEB/rx_tx/txperf.o ./src/WEB/rx_tx/urxperf.o ./src/WEB/rx_tx/utxperf.o  ./src/WEB/prot_malloc/prot_malloc.o  ./src/WEB/eplatform/platform.o  ./src/WEB/web.o  ./src/D5M/VIDEO_RESOLUTION/video_resolution.o  ./src/D5M/VIDEO_GENERATOR/video_generator.o  ./src/D5M/VIDEO_FRAME_BUFFER/video_frame_buffer.o  ./src/D5M/VIDEO_CHANNEL/channel.o  ./src/D5M/UART/uartio.o ./src/D5M/UART/utilities.o  ./src/D5M/SDCARD/test_sd.o  ./src/D5M/PLATFORM/platform.o  ./src/D5M/MENU_CALLS/menu_calls.o  ./src/D5M/I2C_D5M/i2c_d5m.o  ./src/D5M/HDMI_IIC/zed_iic_axi.o  ./src/D5M/HDMI_DISPLAY/hdmi_display.o ./src/D5M/HDMI_DISPLAY/test.o  ./src/D5M/d5m.o  ./src/main.o  ./src/WEB/webserver/dispatch.d ./src/WEB/webserver/echo.d ./src/WEB/webserver/http_response.d ./src/WEB/webserver/platform_gpio.d ./src/WEB/webserver/web_utils.d ./src/WEB/webserver/webserver.d  ./src/WEB/tftpserver/tftpserver.d ./src/WEB/tftpserver/tftputils.d  ./src/WEB/rx_tx/rxperf.d ./src/WEB/rx_tx/txperf.d ./src/WEB/rx_tx/urxperf.d ./src/WEB/rx_tx/utxperf.d  ./src/WEB/prot_malloc/prot_malloc.d  ./src/WEB/eplatform/platform.d  ./src/WEB/web.d  ./src/D5M/VIDEO_RESOLUTION/video_resolution.d  ./src/D5M/VIDEO_GENERATOR/video_generator.d  ./src/D5M/VIDEO_FRAME_BUFFER/video_frame_buffer.d  ./src/D5M/VIDEO_CHANNEL/channel.d  ./src/D5M/UART/uartio.d ./src/D5M/UART/utilities.d  ./src/D5M/SDCARD/test_sd.d  ./src/D5M/PLATFORM/platform.d  ./src/D5M/MENU_CALLS/menu_calls.d  ./src/D5M/I2C_D5M/i2c_d5m.d  ./src/D5M/HDMI_IIC/zed_iic_axi.d  ./src/D5M/HDMI_DISPLAY/hdmi_display.d ./src/D5M/HDMI_DISPLAY/test.d  ./src/D5M/d5m.d  ./src/main.d  vfpWebCamera.elf.size  vfpWebCamera.elf
' '
23:07:52 **** Build of configuration Debug for project vfpWebCamera ****
make pre-build main-build 
a9-linaro-pre-build-step
' '
'Building file: ../src/WEB/webserver/dispatch.c'
'Invoking: ARM v7 gcc compiler'
arm-none-eabi-gcc -Wall -O0 -g3 -c -fmessage-length=0 -MT"src/WEB/webserver/dispatch.o" -mcpu=cortex-a9 -mfpu=vfpv3 -mfloat-abi=hard -I../../vfpWebCamera_bsp/ps7_cortexa9_0/include -MMD -MP -MF"src/WEB/webserver/dispatch.d" -MT"src/WEB/webserver/dispatch.o" -o "src/WEB/webserver/dispatch.o" "../src/WEB/webserver/dispatch.c"
In file included from ../src/WEB/webserver/webserver.h:3:0,
                 from ../src/WEB/webserver/dispatch.c:1:
../../vfpWebCamera_bsp/ps7_cortexa9_0/include/xbasic_types.h:115:2: warning: #warning The xbasics_type.h file is deprecated and users should use xil_types.h and xil_assert. [-Wcpp]
 #warning  The xbasics_type.h file is deprecated and users should use xil_types.h and xil_assert.
  ^~~~~~~
../../vfpWebCamera_bsp/ps7_cortexa9_0/include/xbasic_types.h:116:2: warning: #warning Please refer the Standalone BSP UG647 for further details [-Wcpp]
 #warning  Please refer the Standalone BSP UG647 for further details
  ^~~~~~~
In file included from ../src/WEB/webserver/dispatch.c:1:0:
../src/WEB/webserver/webserver.h:29:30: warning: 'struct tcp_pcb' declared inside parameter list will not be visible outside of this definition or declaration
 int GENERATE_RESPONSE(struct tcp_pcb *pcb, char *http_req, int http_req_len);
                              ^~~~~~~
'Finished building: ../src/WEB/webserver/dispatch.c'
' '
'Building file: ../src/WEB/webserver/echo.c'
'Invoking: ARM v7 gcc compiler'
arm-none-eabi-gcc -Wall -O0 -g3 -c -fmessage-length=0 -MT"src/WEB/webserver/echo.o" -mcpu=cortex-a9 -mfpu=vfpv3 -mfloat-abi=hard -I../../vfpWebCamera_bsp/ps7_cortexa9_0/include -MMD -MP -MF"src/WEB/webserver/echo.d" -MT"src/WEB/webserver/echo.o" -o "src/WEB/webserver/echo.o" "../src/WEB/webserver/echo.c"
'Finished building: ../src/WEB/webserver/echo.c'
' '
'Building file: ../src/WEB/webserver/http_response.c'
'Invoking: ARM v7 gcc compiler'
arm-none-eabi-gcc -Wall -O0 -g3 -c -fmessage-length=0 -MT"src/WEB/webserver/http_response.o" -mcpu=cortex-a9 -mfpu=vfpv3 -mfloat-abi=hard -I../../vfpWebCamera_bsp/ps7_cortexa9_0/include -MMD -MP -MF"src/WEB/webserver/http_response.d" -MT"src/WEB/webserver/http_response.o" -o "src/WEB/webserver/http_response.o" "../src/WEB/webserver/http_response.c"
In file included from ../src/WEB/webserver/../../D5M/HDMI_DISPLAY/../SYSTEM_CONFIG_HEADER/system_config_header.h:5:0,
                 from ../src/WEB/webserver/../../D5M/HDMI_DISPLAY/hdmi_display.h:4,
                 from ../src/WEB/webserver/http_response.c:10:
../../vfpWebCamera_bsp/ps7_cortexa9_0/include/xbasic_types.h:115:2: warning: #warning The xbasics_type.h file is deprecated and users should use xil_types.h and xil_assert. [-Wcpp]
 #warning  The xbasics_type.h file is deprecated and users should use xil_types.h and xil_assert.
  ^~~~~~~
../../vfpWebCamera_bsp/ps7_cortexa9_0/include/xbasic_types.h:116:2: warning: #warning Please refer the Standalone BSP UG647 for further details [-Wcpp]
 #warning  Please refer the Standalone BSP UG647 for further details
  ^~~~~~~
../src/WEB/webserver/http_response.c: In function 'dataPack':
../src/WEB/webserver/http_response.c:76:9: warning: passing argument 1 of 'strcpy' makes pointer from integer without a cast [-Wint-conversion]
  strcpy(dataVideo[out_buf_i*4], regPack);
         ^~~~~~~~~
In file included from c:\xilinx\sdk\2017.2\gnu\aarch32\nt\gcc-arm-none-eabi\arm-none-eabi\libc\usr\include\stdio.h:29:0,
                 from ../../vfpWebCamera_bsp/ps7_cortexa9_0/include/arch/cc.h:55,
                 from ../../vfpWebCamera_bsp/ps7_cortexa9_0/include/lwip/arch.h:43,
                 from ../../vfpWebCamera_bsp/ps7_cortexa9_0/include/lwip/debug.h:35,
                 from ../../vfpWebCamera_bsp/ps7_cortexa9_0/include/lwip/opt.h:46,
                 from ../../vfpWebCamera_bsp/ps7_cortexa9_0/include/lwip/err.h:35,
                 from ../src/WEB/webserver/http_response.c:1:
c:\xilinx\sdk\2017.2\gnu\aarch32\nt\gcc-arm-none-eabi\arm-none-eabi\libc\usr\include\string.h:30:8: note: expected 'char * restrict' but argument is of type 'char'
 char  *_EXFUN(strcpy,(char *__restrict, const char *__restrict));
        ^
../src/WEB/webserver/http_response.c: In function 'DO_404':
../src/WEB/webserver/http_response.c:197:12: warning: implicit declaration of function 'GENERATE_HTTP_HEADER' [-Wimplicit-function-declaration]
     hlen = GENERATE_HTTP_HEADER((char *)buf, "html", len);
            ^~~~~~~~~~~~~~~~~~~~
../src/WEB/webserver/http_response.c: In function 'DO_HTTP_POST':
../src/WEB/webserver/http_response.c:251:19: warning: pointer targets in assignment differ in signedness [-Wpointer-sign]
                 p = buf + len;//add buf and buff_json_response lenght size to pointer p char
                   ^
../src/WEB/webserver/http_response.c:274:38: warning: initialization from incompatible pointer type [-Wincompatible-pointer-types]
                 int *json_response = registerPacket;
                                      ^~~~~~~~~~~~~~
../src/WEB/webserver/http_response.c:276:19: warning: pointer targets in assignment differ in signedness [-Wpointer-sign]
                 p = buf + len;
                   ^
../src/WEB/webserver/http_response.c:277:27: warning: passing argument 2 of 'strcpy' from incompatible pointer type [-Wincompatible-pointer-types]
                 strcpy(p, json_response);
                           ^~~~~~~~~~~~~
In file included from c:\xilinx\sdk\2017.2\gnu\aarch32\nt\gcc-arm-none-eabi\arm-none-eabi\libc\usr\include\stdio.h:29:0,
                 from ../../vfpWebCamera_bsp/ps7_cortexa9_0/include/arch/cc.h:55,
                 from ../../vfpWebCamera_bsp/ps7_cortexa9_0/include/lwip/arch.h:43,
                 from ../../vfpWebCamera_bsp/ps7_cortexa9_0/include/lwip/debug.h:35,
                 from ../../vfpWebCamera_bsp/ps7_cortexa9_0/include/lwip/opt.h:46,
                 from ../../vfpWebCamera_bsp/ps7_cortexa9_0/include/lwip/err.h:35,
                 from ../src/WEB/webserver/http_response.c:1:
c:\xilinx\sdk\2017.2\gnu\aarch32\nt\gcc-arm-none-eabi\arm-none-eabi\libc\usr\include\string.h:30:8: note: expected 'const char * restrict' but argument is of type 'int *'
 char  *_EXFUN(strcpy,(char *__restrict, const char *__restrict));
        ^
../src/WEB/webserver/http_response.c:278:31: warning: passing argument 1 of 'strlen' from incompatible pointer type [-Wincompatible-pointer-types]
                 len += strlen(json_response);
                               ^~~~~~~~~~~~~
In file included from c:\xilinx\sdk\2017.2\gnu\aarch32\nt\gcc-arm-none-eabi\arm-none-eabi\libc\usr\include\stdio.h:29:0,
                 from ../../vfpWebCamera_bsp/ps7_cortexa9_0/include/arch/cc.h:55,
                 from ../../vfpWebCamera_bsp/ps7_cortexa9_0/include/lwip/arch.h:43,
                 from ../../vfpWebCamera_bsp/ps7_cortexa9_0/include/lwip/debug.h:35,
                 from ../../vfpWebCamera_bsp/ps7_cortexa9_0/include/lwip/opt.h:46,
                 from ../../vfpWebCamera_bsp/ps7_cortexa9_0/include/lwip/err.h:35,
                 from ../src/WEB/webserver/http_response.c:1:
c:\xilinx\sdk\2017.2\gnu\aarch32\nt\gcc-arm-none-eabi\arm-none-eabi\libc\usr\include\string.h:33:9: note: expected 'const char *' but argument is of type 'int *'
 size_t  _EXFUN(strlen,(const char *));
         ^
../src/WEB/webserver/http_response.c:262:21: warning: unused variable 'Ptr' [-Wunused-variable]
                 int Ptr;
                     ^~~
../src/WEB/webserver/http_response.c:300:19: warning: pointer targets in assignment differ in signedness [-Wpointer-sign]
                 p = buf + len;
                   ^
../src/WEB/webserver/http_response.c:318:11: warning: pointer targets in assignment differ in signedness [-Wpointer-sign]
         p = buf + len;
           ^
../src/WEB/webserver/http_response.c:346:11: warning: pointer targets in assignment differ in signedness [-Wpointer-sign]
         p = buf + len;
           ^
../src/WEB/webserver/http_response.c:368:11: warning: pointer targets in assignment differ in signedness [-Wpointer-sign]
         p = buf + len;
           ^
../src/WEB/webserver/http_response.c:382:11: warning: pointer targets in assignment differ in signedness [-Wpointer-sign]
         p = buf + len;
           ^
../src/WEB/webserver/http_response.c:390:8: warning: implicit declaration of function 'CMD_PL_LW_FEQ' [-Wimplicit-function-declaration]
     if(CMD_PL_LW_FEQ(req+6))
        ^~~~~~~~~~~~~
../src/WEB/webserver/http_response.c:394:9: warning: 'optimize' attribute ignored [-Wattributes]
         char buf1[1400] __attribute__ ((unused)) __attribute__((optimize("O0")));
         ^~~~
../src/WEB/webserver/http_response.c:398:9: warning: implicit declaration of function 'UNPACK' [-Wimplicit-function-declaration]
         UNPACK(str);
         ^~~~~~
../src/WEB/webserver/http_response.c:409:11: warning: pointer targets in assignment differ in signedness [-Wpointer-sign]
         p = buf + len;
           ^
../src/WEB/webserver/http_response.c:425:9: warning: 'optimize' attribute ignored [-Wattributes]
         char buf1[1400] __attribute__ ((unused)) __attribute__((optimize("O0")));
         ^~~~
../src/WEB/webserver/http_response.c:441:11: warning: pointer targets in assignment differ in signedness [-Wpointer-sign]
         p = buf + len;
           ^
../src/WEB/webserver/http_response.c:482:11: warning: pointer targets in assignment differ in signedness [-Wpointer-sign]
         p = buf + len;
           ^
../src/WEB/webserver/http_response.c:509:11: warning: pointer targets in assignment differ in signedness [-Wpointer-sign]
         p = buf + len;
           ^
../src/WEB/webserver/http_response.c:223:18: warning: unused variable 'txPixel' [-Wunused-variable]
     static char *txPixel;
                  ^~~~~~~
At top level:
../src/WEB/webserver/http_response.c:223:18: warning: 'txPixel' defined but not used [-Wunused-variable]
../src/WEB/webserver/http_response.c:24:14: warning: 'registe' defined but not used [-Wunused-variable]
 static char *registe;
              ^~~~~~~
'Finished building: ../src/WEB/webserver/http_response.c'
' '
'Building file: ../src/WEB/webserver/platform_gpio.c'
'Invoking: ARM v7 gcc compiler'
arm-none-eabi-gcc -Wall -O0 -g3 -c -fmessage-length=0 -MT"src/WEB/webserver/platform_gpio.o" -mcpu=cortex-a9 -mfpu=vfpv3 -mfloat-abi=hard -I../../vfpWebCamera_bsp/ps7_cortexa9_0/include -MMD -MP -MF"src/WEB/webserver/platform_gpio.d" -MT"src/WEB/webserver/platform_gpio.o" -o "src/WEB/webserver/platform_gpio.o" "../src/WEB/webserver/platform_gpio.c"
In file included from ../src/WEB/webserver/platform_gpio.h:4:0,
                 from ../src/WEB/webserver/platform_gpio.c:1:
../../vfpWebCamera_bsp/ps7_cortexa9_0/include/xbasic_types.h:115:2: warning: #warning The xbasics_type.h file is deprecated and users should use xil_types.h and xil_assert. [-Wcpp]
 #warning  The xbasics_type.h file is deprecated and users should use xil_types.h and xil_assert.
  ^~~~~~~
../../vfpWebCamera_bsp/ps7_cortexa9_0/include/xbasic_types.h:116:2: warning: #warning Please refer the Standalone BSP UG647 for further details [-Wcpp]
 #warning  Please refer the Standalone BSP UG647 for further details
  ^~~~~~~
../src/WEB/webserver/platform_gpio.c: In function 'adcchannels':
../src/WEB/webserver/platform_gpio.c:447:24: warning: left-hand operand of comma expression has no effect [-Wunused-value]
  printf("%i\n",(&ch_ptr,&interrupt));
                        ^
../src/WEB/webserver/platform_gpio.c:447:11: warning: format '%i' expects argument of type 'int', but argument 2 has type 'plregisters * {aka struct adc_channels_read_on_interrupt *}' [-Wformat=]
  printf("%i\n",(&ch_ptr,&interrupt));
           ^
../src/WEB/webserver/platform_gpio.c:448:11: warning: format '%i' expects argument of type 'int', but argument 2 has type 'u32 {aka long unsigned int}' [-Wformat=]
  printf("%i\n",ch01(&ch_ptr,&interrupt));
           ^
../src/WEB/webserver/platform_gpio.c:449:11: warning: format '%i' expects argument of type 'int', but argument 2 has type 'u32 {aka long unsigned int}' [-Wformat=]
  printf("%i\n",ch02(&ch_ptr,&interrupt));
           ^
../src/WEB/webserver/platform_gpio.c:450:11: warning: format '%i' expects argument of type 'int', but argument 2 has type 'u32 {aka long unsigned int}' [-Wformat=]
  printf("%i\n",ch03(&ch_ptr,&interrupt));
           ^
../src/WEB/webserver/platform_gpio.c:451:11: warning: format '%i' expects argument of type 'int', but argument 2 has type 'u32 {aka long unsigned int}' [-Wformat=]
  printf("%i\n",ch04(&ch_ptr,&interrupt));
           ^
../src/WEB/webserver/platform_gpio.c:452:11: warning: format '%i' expects argument of type 'int', but argument 2 has type 'u32 {aka long unsigned int}' [-Wformat=]
  printf("%i\n",ch05(&ch_ptr,&interrupt));
           ^
../src/WEB/webserver/platform_gpio.c:453:11: warning: format '%i' expects argument of type 'int', but argument 2 has type 'u32 {aka long unsigned int}' [-Wformat=]
  printf("%i\n",ch06(&ch_ptr,&interrupt));
           ^
../src/WEB/webserver/platform_gpio.c:454:11: warning: format '%i' expects argument of type 'int', but argument 2 has type 'u32 {aka long unsigned int}' [-Wformat=]
  printf("%i\n",ch07(&ch_ptr,&interrupt));
           ^
../src/WEB/webserver/platform_gpio.c:455:11: warning: format '%i' expects argument of type 'int', but argument 2 has type 'u32 {aka long unsigned int}' [-Wformat=]
  printf("%i\n",ch08(&ch_ptr,&interrupt));
           ^
../src/WEB/webserver/platform_gpio.c:456:11: warning: format '%i' expects argument of type 'int', but argument 2 has type 'u32 {aka long unsigned int}' [-Wformat=]
  printf("%i\n",ch09(&ch_ptr,&interrupt));
           ^
../src/WEB/webserver/platform_gpio.c:457:11: warning: format '%i' expects argument of type 'int', but argument 2 has type 'u32 {aka long unsigned int}' [-Wformat=]
  printf("%i\n",ch10(&ch_ptr,&interrupt));
           ^
../src/WEB/webserver/platform_gpio.c:458:11: warning: format '%i' expects argument of type 'int', but argument 2 has type 'u32 {aka long unsigned int}' [-Wformat=]
  printf("%i\n",ch11(&ch_ptr,&interrupt));
           ^
../src/WEB/webserver/platform_gpio.c:459:11: warning: format '%i' expects argument of type 'int', but argument 2 has type 'u32 {aka long unsigned int}' [-Wformat=]
  printf("%i\n",ch12(&ch_ptr,&interrupt));
           ^
../src/WEB/webserver/platform_gpio.c:460:11: warning: format '%i' expects argument of type 'int', but argument 2 has type 'u32 {aka long unsigned int}' [-Wformat=]
  printf("%i\n",ch13(&ch_ptr,&interrupt));
           ^
../src/WEB/webserver/platform_gpio.c:461:11: warning: format '%i' expects argument of type 'int', but argument 2 has type 'u32 {aka long unsigned int}' [-Wformat=]
  printf("%i\n",ch14(&ch_ptr,&interrupt));
           ^
../src/WEB/webserver/platform_gpio.c:462:11: warning: format '%i' expects argument of type 'int', but argument 2 has type 'u32 {aka long unsigned int}' [-Wformat=]
  printf("%i\n",ch15(&ch_ptr,&interrupt));
           ^
../src/WEB/webserver/platform_gpio.c:463:11: warning: format '%i' expects argument of type 'int', but argument 2 has type 'u32 {aka long unsigned int}' [-Wformat=]
  printf("%i\n",ch16(&ch_ptr,&interrupt));
           ^
../src/WEB/webserver/platform_gpio.c:464:11: warning: format '%i' expects argument of type 'int', but argument 2 has type 'u32 {aka long unsigned int}' [-Wformat=]
  printf("%i\n",ch17(&ch_ptr,&interrupt));
           ^
../src/WEB/webserver/platform_gpio.c:465:11: warning: format '%i' expects argument of type 'int', but argument 2 has type 'u32 {aka long unsigned int}' [-Wformat=]
  printf("%i\n",ch18(&ch_ptr,&interrupt));
           ^
../src/WEB/webserver/platform_gpio.c:466:11: warning: format '%i' expects argument of type 'int', but argument 2 has type 'u32 {aka long unsigned int}' [-Wformat=]
  printf("%i\n",ch19(&ch_ptr,&interrupt));
           ^
../src/WEB/webserver/platform_gpio.c:467:11: warning: format '%i' expects argument of type 'int', but argument 2 has type 'u32 {aka long unsigned int}' [-Wformat=]
  printf("%i\n",ch20(&ch_ptr,&interrupt));
           ^
../src/WEB/webserver/platform_gpio.c:468:11: warning: format '%i' expects argument of type 'int', but argument 2 has type 'u32 {aka long unsigned int}' [-Wformat=]
  printf("%i\n",ch21(&ch_ptr,&interrupt));
           ^
../src/WEB/webserver/platform_gpio.c:469:11: warning: format '%i' expects argument of type 'int', but argument 2 has type 'u32 {aka long unsigned int}' [-Wformat=]
  printf("%i\n",ch22(&ch_ptr,&interrupt));
           ^
../src/WEB/webserver/platform_gpio.c:470:11: warning: format '%i' expects argument of type 'int', but argument 2 has type 'u32 {aka long unsigned int}' [-Wformat=]
  printf("%i\n",ch23(&ch_ptr,&interrupt));
           ^
../src/WEB/webserver/platform_gpio.c:471:11: warning: format '%i' expects argument of type 'int', but argument 2 has type 'u32 {aka long unsigned int}' [-Wformat=]
  printf("%i\n",ch24(&ch_ptr,&interrupt));
           ^
../src/WEB/webserver/platform_gpio.c:472:11: warning: format '%i' expects argument of type 'int', but argument 2 has type 'u32 {aka long unsigned int}' [-Wformat=]
  printf("%i\n",ch25(&ch_ptr,&interrupt));
           ^
../src/WEB/webserver/platform_gpio.c:473:11: warning: format '%i' expects argument of type 'int', but argument 2 has type 'u32 {aka long unsigned int}' [-Wformat=]
  printf("%i\n",ch26(&ch_ptr,&interrupt));
           ^
../src/WEB/webserver/platform_gpio.c:474:11: warning: format '%i' expects argument of type 'int', but argument 2 has type 'u32 {aka long unsigned int}' [-Wformat=]
  printf("%i\n",ch27(&ch_ptr,&interrupt));
           ^
../src/WEB/webserver/platform_gpio.c:475:11: warning: format '%i' expects argument of type 'int', but argument 2 has type 'u32 {aka long unsigned int}' [-Wformat=]
  printf("%i\n",ch28(&ch_ptr,&interrupt));
           ^
../src/WEB/webserver/platform_gpio.c:476:11: warning: format '%i' expects argument of type 'int', but argument 2 has type 'u32 {aka long unsigned int}' [-Wformat=]
  printf("%i\n",ch29(&ch_ptr,&interrupt));
           ^
../src/WEB/webserver/platform_gpio.c:477:11: warning: format '%i' expects argument of type 'int', but argument 2 has type 'u32 {aka long unsigned int}' [-Wformat=]
  printf("%i\n",ch30(&ch_ptr,&interrupt));
           ^
../src/WEB/webserver/platform_gpio.c:478:11: warning: format '%i' expects argument of type 'int', but argument 2 has type 'u32 {aka long unsigned int}' [-Wformat=]
  printf("%i\n",ch31(&ch_ptr,&interrupt));
           ^
'Finished building: ../src/WEB/webserver/platform_gpio.c'
' '
'Building file: ../src/WEB/webserver/web_utils.c'
'Invoking: ARM v7 gcc compiler'
arm-none-eabi-gcc -Wall -O0 -g3 -c -fmessage-length=0 -MT"src/WEB/webserver/web_utils.o" -mcpu=cortex-a9 -mfpu=vfpv3 -mfloat-abi=hard -I../../vfpWebCamera_bsp/ps7_cortexa9_0/include -MMD -MP -MF"src/WEB/webserver/web_utils.d" -MT"src/WEB/webserver/web_utils.o" -o "src/WEB/webserver/web_utils.o" "../src/WEB/webserver/web_utils.c"
In file included from ../src/WEB/webserver/webserver.h:3:0,
                 from ../src/WEB/webserver/web_utils.c:3:
../../vfpWebCamera_bsp/ps7_cortexa9_0/include/xbasic_types.h:115:2: warning: #warning The xbasics_type.h file is deprecated and users should use xil_types.h and xil_assert. [-Wcpp]
 #warning  The xbasics_type.h file is deprecated and users should use xil_types.h and xil_assert.
  ^~~~~~~
../../vfpWebCamera_bsp/ps7_cortexa9_0/include/xbasic_types.h:116:2: warning: #warning Please refer the Standalone BSP UG647 for further details [-Wcpp]
 #warning  Please refer the Standalone BSP UG647 for further details
  ^~~~~~~
In file included from ../src/WEB/webserver/web_utils.c:3:0:
../src/WEB/webserver/webserver.h:29:30: warning: 'struct tcp_pcb' declared inside parameter list will not be visible outside of this definition or declaration
 int GENERATE_RESPONSE(struct tcp_pcb *pcb, char *http_req, int http_req_len);
                              ^~~~~~~
../src/WEB/webserver/web_utils.c: In function 'extract_file_name':
../src/WEB/webserver/web_utils.c:60:5: warning: this 'if' clause does not guard... [-Wmisleading-indentation]
     if (*req == '/')
     ^~
../src/WEB/webserver/web_utils.c:62:9: note: ...this statement, but the latter is misleadingly indented as if it is guarded by the 'if'
         fstart = req;
         ^~~~~~
../src/WEB/webserver/web_utils.c:63:5: warning: this 'while' clause does not guard... [-Wmisleading-indentation]
     while (*req != ' ')
     ^~~~~
../src/WEB/webserver/web_utils.c:65:9: note: ...this statement, but the latter is misleadingly indented as if it is guarded by the 'while'
         fend = req-1;
         ^~~~
../src/WEB/webserver/web_utils.c: In function 'GENERATE_HTTP_HEADER':
../src/WEB/webserver/web_utils.c:113:5: warning: this 'else' clause does not guard... [-Wmisleading-indentation]
     else
     ^~~~
../src/WEB/webserver/web_utils.c:115:9: note: ...this statement, but the latter is misleadingly indented as if it is guarded by the 'else'
         strcat(buf, "\r\n");
         ^~~~~~
../src/WEB/webserver/web_utils.c: In function 'STRING_TO_NUMBERS':
../src/WEB/webserver/web_utils.c:214:5: warning: variable 'point_seen' set but not used [-Wunused-but-set-variable]
 int point_seen=0;
     ^~~~~~~~~~
../src/WEB/webserver/web_utils.c: In function 'STRING_TO_NUMBER':
../src/WEB/webserver/web_utils.c:241:11: warning: variable 'point_seen' set but not used [-Wunused-but-set-variable]
       int point_seen=0;
           ^~~~~~~~~~
../src/WEB/webserver/web_utils.c: In function 'CONVERT_CHAR_S':
../src/WEB/webserver/web_utils.c:288:1: warning: control reaches end of non-void function [-Wreturn-type]
 }
 ^
../src/WEB/webserver/web_utils.c: In function 'UNPACK':
../src/WEB/webserver/web_utils.c:318:1: warning: control reaches end of non-void function [-Wreturn-type]
 }
 ^
'Finished building: ../src/WEB/webserver/web_utils.c'
' '
'Building file: ../src/WEB/webserver/webserver.c'
'Invoking: ARM v7 gcc compiler'
arm-none-eabi-gcc -Wall -O0 -g3 -c -fmessage-length=0 -MT"src/WEB/webserver/webserver.o" -mcpu=cortex-a9 -mfpu=vfpv3 -mfloat-abi=hard -I../../vfpWebCamera_bsp/ps7_cortexa9_0/include -MMD -MP -MF"src/WEB/webserver/webserver.d" -MT"src/WEB/webserver/webserver.o" -o "src/WEB/webserver/webserver.o" "../src/WEB/webserver/webserver.c"
In file included from ../src/WEB/webserver/webserver.h:3:0,
                 from ../src/WEB/webserver/webserver.c:5:
../../vfpWebCamera_bsp/ps7_cortexa9_0/include/xbasic_types.h:115:2: warning: #warning The xbasics_type.h file is deprecated and users should use xil_types.h and xil_assert. [-Wcpp]
 #warning  The xbasics_type.h file is deprecated and users should use xil_types.h and xil_assert.
  ^~~~~~~
../../vfpWebCamera_bsp/ps7_cortexa9_0/include/xbasic_types.h:116:2: warning: #warning Please refer the Standalone BSP UG647 for further details [-Wcpp]
 #warning  Please refer the Standalone BSP UG647 for further details
  ^~~~~~~
'Finished building: ../src/WEB/webserver/webserver.c'
' '
'Building file: ../src/WEB/tftpserver/tftpserver.c'
'Invoking: ARM v7 gcc compiler'
arm-none-eabi-gcc -Wall -O0 -g3 -c -fmessage-length=0 -MT"src/WEB/tftpserver/tftpserver.o" -mcpu=cortex-a9 -mfpu=vfpv3 -mfloat-abi=hard -I../../vfpWebCamera_bsp/ps7_cortexa9_0/include -MMD -MP -MF"src/WEB/tftpserver/tftpserver.d" -MT"src/WEB/tftpserver/tftpserver.o" -o "src/WEB/tftpserver/tftpserver.o" "../src/WEB/tftpserver/tftpserver.c"
'Finished building: ../src/WEB/tftpserver/tftpserver.c'
' '
'Building file: ../src/WEB/tftpserver/tftputils.c'
'Invoking: ARM v7 gcc compiler'
arm-none-eabi-gcc -Wall -O0 -g3 -c -fmessage-length=0 -MT"src/WEB/tftpserver/tftputils.o" -mcpu=cortex-a9 -mfpu=vfpv3 -mfloat-abi=hard -I../../vfpWebCamera_bsp/ps7_cortexa9_0/include -MMD -MP -MF"src/WEB/tftpserver/tftputils.d" -MT"src/WEB/tftpserver/tftputils.o" -o "src/WEB/tftpserver/tftputils.o" "../src/WEB/tftpserver/tftputils.c"
'Finished building: ../src/WEB/tftpserver/tftputils.c'
' '
'Building file: ../src/WEB/rx_tx/rxperf.c'
'Invoking: ARM v7 gcc compiler'
arm-none-eabi-gcc -Wall -O0 -g3 -c -fmessage-length=0 -MT"src/WEB/rx_tx/rxperf.o" -mcpu=cortex-a9 -mfpu=vfpv3 -mfloat-abi=hard -I../../vfpWebCamera_bsp/ps7_cortexa9_0/include -MMD -MP -MF"src/WEB/rx_tx/rxperf.d" -MT"src/WEB/rx_tx/rxperf.o" -o "src/WEB/rx_tx/rxperf.o" "../src/WEB/rx_tx/rxperf.c"
'Finished building: ../src/WEB/rx_tx/rxperf.c'
' '
'Building file: ../src/WEB/rx_tx/txperf.c'
'Invoking: ARM v7 gcc compiler'
arm-none-eabi-gcc -Wall -O0 -g3 -c -fmessage-length=0 -MT"src/WEB/rx_tx/txperf.o" -mcpu=cortex-a9 -mfpu=vfpv3 -mfloat-abi=hard -I../../vfpWebCamera_bsp/ps7_cortexa9_0/include -MMD -MP -MF"src/WEB/rx_tx/txperf.d" -MT"src/WEB/rx_tx/txperf.o" -o "src/WEB/rx_tx/txperf.o" "../src/WEB/rx_tx/txperf.c"
'Finished building: ../src/WEB/rx_tx/txperf.c'
' '
'Building file: ../src/WEB/rx_tx/urxperf.c'
'Invoking: ARM v7 gcc compiler'
arm-none-eabi-gcc -Wall -O0 -g3 -c -fmessage-length=0 -MT"src/WEB/rx_tx/urxperf.o" -mcpu=cortex-a9 -mfpu=vfpv3 -mfloat-abi=hard -I../../vfpWebCamera_bsp/ps7_cortexa9_0/include -MMD -MP -MF"src/WEB/rx_tx/urxperf.d" -MT"src/WEB/rx_tx/urxperf.o" -o "src/WEB/rx_tx/urxperf.o" "../src/WEB/rx_tx/urxperf.c"
'Finished building: ../src/WEB/rx_tx/urxperf.c'
' '
'Building file: ../src/WEB/rx_tx/utxperf.c'
'Invoking: ARM v7 gcc compiler'
arm-none-eabi-gcc -Wall -O0 -g3 -c -fmessage-length=0 -MT"src/WEB/rx_tx/utxperf.o" -mcpu=cortex-a9 -mfpu=vfpv3 -mfloat-abi=hard -I../../vfpWebCamera_bsp/ps7_cortexa9_0/include -MMD -MP -MF"src/WEB/rx_tx/utxperf.d" -MT"src/WEB/rx_tx/utxperf.o" -o "src/WEB/rx_tx/utxperf.o" "../src/WEB/rx_tx/utxperf.c"
'Finished building: ../src/WEB/rx_tx/utxperf.c'
' '
'Building file: ../src/WEB/prot_malloc/prot_malloc.c'
'Invoking: ARM v7 gcc compiler'
arm-none-eabi-gcc -Wall -O0 -g3 -c -fmessage-length=0 -MT"src/WEB/prot_malloc/prot_malloc.o" -mcpu=cortex-a9 -mfpu=vfpv3 -mfloat-abi=hard -I../../vfpWebCamera_bsp/ps7_cortexa9_0/include -MMD -MP -MF"src/WEB/prot_malloc/prot_malloc.d" -MT"src/WEB/prot_malloc/prot_malloc.o" -o "src/WEB/prot_malloc/prot_malloc.o" "../src/WEB/prot_malloc/prot_malloc.c"
'Finished building: ../src/WEB/prot_malloc/prot_malloc.c'
' '
'Building file: ../src/WEB/eplatform/platform.c'
'Invoking: ARM v7 gcc compiler'
arm-none-eabi-gcc -Wall -O0 -g3 -c -fmessage-length=0 -MT"src/WEB/eplatform/platform.o" -mcpu=cortex-a9 -mfpu=vfpv3 -mfloat-abi=hard -I../../vfpWebCamera_bsp/ps7_cortexa9_0/include -MMD -MP -MF"src/WEB/eplatform/platform.d" -MT"src/WEB/eplatform/platform.o" -o "src/WEB/eplatform/platform.o" "../src/WEB/eplatform/platform.c"
'Finished building: ../src/WEB/eplatform/platform.c'
' '
'Building file: ../src/WEB/web.c'
'Invoking: ARM v7 gcc compiler'
arm-none-eabi-gcc -Wall -O0 -g3 -c -fmessage-length=0 -MT"src/WEB/web.o" -mcpu=cortex-a9 -mfpu=vfpv3 -mfloat-abi=hard -I../../vfpWebCamera_bsp/ps7_cortexa9_0/include -MMD -MP -MF"src/WEB/web.d" -MT"src/WEB/web.o" -o "src/WEB/web.o" "../src/WEB/web.c"
In file included from ../src/WEB/../D5M/HDMI_DISPLAY/../SYSTEM_CONFIG_HEADER/system_config_header.h:5:0,
                 from ../src/WEB/../D5M/HDMI_DISPLAY/hdmi_display.h:4,
                 from ../src/WEB/web.c:12:
../../vfpWebCamera_bsp/ps7_cortexa9_0/include/xbasic_types.h:115:2: warning: #warning The xbasics_type.h file is deprecated and users should use xil_types.h and xil_assert. [-Wcpp]
 #warning  The xbasics_type.h file is deprecated and users should use xil_types.h and xil_assert.
  ^~~~~~~
../../vfpWebCamera_bsp/ps7_cortexa9_0/include/xbasic_types.h:116:2: warning: #warning Please refer the Standalone BSP UG647 for further details [-Wcpp]
 #warning  Please refer the Standalone BSP UG647 for further details
  ^~~~~~~
../src/WEB/web.c: In function 'web':
../src/WEB/web.c:51:2: warning: implicit declaration of function 'WRITE_SET0' [-Wimplicit-function-declaration]
  WRITE_SET0();
  ^~~~~~~~~~
'Finished building: ../src/WEB/web.c'
' '
'Building file: ../src/D5M/VIDEO_RESOLUTION/video_resolution.c'
'Invoking: ARM v7 gcc compiler'
arm-none-eabi-gcc -Wall -O0 -g3 -c -fmessage-length=0 -MT"src/D5M/VIDEO_RESOLUTION/video_resolution.o" -mcpu=cortex-a9 -mfpu=vfpv3 -mfloat-abi=hard -I../../vfpWebCamera_bsp/ps7_cortexa9_0/include -MMD -MP -MF"src/D5M/VIDEO_RESOLUTION/video_resolution.d" -MT"src/D5M/VIDEO_RESOLUTION/video_resolution.o" -o "src/D5M/VIDEO_RESOLUTION/video_resolution.o" "../src/D5M/VIDEO_RESOLUTION/video_resolution.c"
In file included from ../src/D5M/VIDEO_RESOLUTION/video_resolution.h:3:0,
                 from ../src/D5M/VIDEO_RESOLUTION/video_resolution.c:2:
../../vfpWebCamera_bsp/ps7_cortexa9_0/include/xbasic_types.h:115:2: warning: #warning The xbasics_type.h file is deprecated and users should use xil_types.h and xil_assert. [-Wcpp]
 #warning  The xbasics_type.h file is deprecated and users should use xil_types.h and xil_assert.
  ^~~~~~~
../../vfpWebCamera_bsp/ps7_cortexa9_0/include/xbasic_types.h:116:2: warning: #warning Please refer the Standalone BSP UG647 for further details [-Wcpp]
 #warning  Please refer the Standalone BSP UG647 for further details
  ^~~~~~~
'Finished building: ../src/D5M/VIDEO_RESOLUTION/video_resolution.c'
' '
'Building file: ../src/D5M/VIDEO_GENERATOR/video_generator.c'
'Invoking: ARM v7 gcc compiler'
arm-none-eabi-gcc -Wall -O0 -g3 -c -fmessage-length=0 -MT"src/D5M/VIDEO_GENERATOR/video_generator.o" -mcpu=cortex-a9 -mfpu=vfpv3 -mfloat-abi=hard -I../../vfpWebCamera_bsp/ps7_cortexa9_0/include -MMD -MP -MF"src/D5M/VIDEO_GENERATOR/video_generator.d" -MT"src/D5M/VIDEO_GENERATOR/video_generator.o" -o "src/D5M/VIDEO_GENERATOR/video_generator.o" "../src/D5M/VIDEO_GENERATOR/video_generator.c"
In file included from ../src/D5M/VIDEO_GENERATOR/video_generator.c:4:0:
../../vfpWebCamera_bsp/ps7_cortexa9_0/include/xbasic_types.h:115:2: warning: #warning The xbasics_type.h file is deprecated and users should use xil_types.h and xil_assert. [-Wcpp]
 #warning  The xbasics_type.h file is deprecated and users should use xil_types.h and xil_assert.
  ^~~~~~~
../../vfpWebCamera_bsp/ps7_cortexa9_0/include/xbasic_types.h:116:2: warning: #warning Please refer the Standalone BSP UG647 for further details [-Wcpp]
 #warning  Please refer the Standalone BSP UG647 for further details
  ^~~~~~~
'Finished building: ../src/D5M/VIDEO_GENERATOR/video_generator.c'
' '
'Building file: ../src/D5M/VIDEO_FRAME_BUFFER/video_frame_buffer.c'
'Invoking: ARM v7 gcc compiler'
arm-none-eabi-gcc -Wall -O0 -g3 -c -fmessage-length=0 -MT"src/D5M/VIDEO_FRAME_BUFFER/video_frame_buffer.o" -mcpu=cortex-a9 -mfpu=vfpv3 -mfloat-abi=hard -I../../vfpWebCamera_bsp/ps7_cortexa9_0/include -MMD -MP -MF"src/D5M/VIDEO_FRAME_BUFFER/video_frame_buffer.d" -MT"src/D5M/VIDEO_FRAME_BUFFER/video_frame_buffer.o" -o "src/D5M/VIDEO_FRAME_BUFFER/video_frame_buffer.o" "../src/D5M/VIDEO_FRAME_BUFFER/video_frame_buffer.c"
In file included from ../src/D5M/VIDEO_FRAME_BUFFER/video_frame_buffer.c:4:0:
../../vfpWebCamera_bsp/ps7_cortexa9_0/include/xbasic_types.h:115:2: warning: #warning The xbasics_type.h file is deprecated and users should use xil_types.h and xil_assert. [-Wcpp]
 #warning  The xbasics_type.h file is deprecated and users should use xil_types.h and xil_assert.
  ^~~~~~~
../../vfpWebCamera_bsp/ps7_cortexa9_0/include/xbasic_types.h:116:2: warning: #warning Please refer the Standalone BSP UG647 for further details [-Wcpp]
 #warning  Please refer the Standalone BSP UG647 for further details
  ^~~~~~~
../src/D5M/VIDEO_FRAME_BUFFER/video_frame_buffer.c: In function 'vfb_rx_init':
../src/D5M/VIDEO_FRAME_BUFFER/video_frame_buffer.c:36:13: warning: implicit declaration of function 'vfb_rx_setup' [-Wimplicit-function-declaration]
    Status = vfb_rx_setup(pAxiVdma,pWriteCfg,uVideoResolution,uStorageResolution,uMemAddr,uNumFrames);
             ^~~~~~~~~~~~
../src/D5M/VIDEO_FRAME_BUFFER/video_frame_buffer.c:42:13: warning: implicit declaration of function 'vfb_rx_start' [-Wimplicit-function-declaration]
    Status = vfb_rx_start(pAxiVdma);
             ^~~~~~~~~~~~
../src/D5M/VIDEO_FRAME_BUFFER/video_frame_buffer.c:35:8: warning: unused variable 'uDMACR' [-Wunused-variable]
    u32 uDMACR;
        ^~~~~~
../src/D5M/VIDEO_FRAME_BUFFER/video_frame_buffer.c:34:8: warning: unused variable 'uBaseAddr' [-Wunused-variable]
    u32 uBaseAddr;
        ^~~~~~~~~
../src/D5M/VIDEO_FRAME_BUFFER/video_frame_buffer.c:33:26: warning: unused variable 'FrameCfg' [-Wunused-variable]
    XAxiVdma_FrameCounter FrameCfg;
                          ^~~~~~~~
../src/D5M/VIDEO_FRAME_BUFFER/video_frame_buffer.c: In function 'vfb_tx_init':
../src/D5M/VIDEO_FRAME_BUFFER/video_frame_buffer.c:54:13: warning: implicit declaration of function 'vfb_tx_setup' [-Wimplicit-function-declaration]
    Status = vfb_tx_setup(pAxiVdma,pReadCfg,uVideoResolution,uStorageResolution,uMemAddr,uNumFrames);
             ^~~~~~~~~~~~
../src/D5M/VIDEO_FRAME_BUFFER/video_frame_buffer.c:60:13: warning: implicit declaration of function 'vfb_tx_start' [-Wimplicit-function-declaration]
    Status = vfb_tx_start(pAxiVdma);
             ^~~~~~~~~~~~
../src/D5M/VIDEO_FRAME_BUFFER/video_frame_buffer.c:53:8: warning: unused variable 'uDMACR' [-Wunused-variable]
    u32 uDMACR;
        ^~~~~~
../src/D5M/VIDEO_FRAME_BUFFER/video_frame_buffer.c:52:8: warning: unused variable 'uBaseAddr' [-Wunused-variable]
    u32 uBaseAddr;
        ^~~~~~~~~
../src/D5M/VIDEO_FRAME_BUFFER/video_frame_buffer.c:51:26: warning: unused variable 'FrameCfg' [-Wunused-variable]
    XAxiVdma_FrameCounter FrameCfg;
                          ^~~~~~~~
../src/D5M/VIDEO_FRAME_BUFFER/video_frame_buffer.c: In function 'vfb_rx_init':
../src/D5M/VIDEO_FRAME_BUFFER/video_frame_buffer.c:47:1: warning: control reaches end of non-void function [-Wreturn-type]
 }
 ^
../src/D5M/VIDEO_FRAME_BUFFER/video_frame_buffer.c: In function 'vfb_tx_init':
../src/D5M/VIDEO_FRAME_BUFFER/video_frame_buffer.c:74:1: warning: control reaches end of non-void function [-Wreturn-type]
 }
 ^
'Finished building: ../src/D5M/VIDEO_FRAME_BUFFER/video_frame_buffer.c'
' '
'Building file: ../src/D5M/VIDEO_CHANNEL/channel.c'
'Invoking: ARM v7 gcc compiler'
arm-none-eabi-gcc -Wall -O0 -g3 -c -fmessage-length=0 -MT"src/D5M/VIDEO_CHANNEL/channel.o" -mcpu=cortex-a9 -mfpu=vfpv3 -mfloat-abi=hard -I../../vfpWebCamera_bsp/ps7_cortexa9_0/include -MMD -MP -MF"src/D5M/VIDEO_CHANNEL/channel.d" -MT"src/D5M/VIDEO_CHANNEL/channel.o" -o "src/D5M/VIDEO_CHANNEL/channel.o" "../src/D5M/VIDEO_CHANNEL/channel.c"
In file included from ../src/D5M/VIDEO_CHANNEL/channel.c:7:0:
../../vfpWebCamera_bsp/ps7_cortexa9_0/include/xbasic_types.h:115:2: warning: #warning The xbasics_type.h file is deprecated and users should use xil_types.h and xil_assert. [-Wcpp]
 #warning  The xbasics_type.h file is deprecated and users should use xil_types.h and xil_assert.
  ^~~~~~~
../../vfpWebCamera_bsp/ps7_cortexa9_0/include/xbasic_types.h:116:2: warning: #warning Please refer the Standalone BSP UG647 for further details [-Wcpp]
 #warning  Please refer the Standalone BSP UG647 for further details
  ^~~~~~~
'Finished building: ../src/D5M/VIDEO_CHANNEL/channel.c'
' '
'Building file: ../src/D5M/UART/uartio.c'
'Invoking: ARM v7 gcc compiler'
arm-none-eabi-gcc -Wall -O0 -g3 -c -fmessage-length=0 -MT"src/D5M/UART/uartio.o" -mcpu=cortex-a9 -mfpu=vfpv3 -mfloat-abi=hard -I../../vfpWebCamera_bsp/ps7_cortexa9_0/include -MMD -MP -MF"src/D5M/UART/uartio.d" -MT"src/D5M/UART/uartio.o" -o "src/D5M/UART/uartio.o" "../src/D5M/UART/uartio.c"
In file included from ../src/D5M/UART/uartio.h:1:0,
                 from ../src/D5M/UART/uartio.c:2:
../../vfpWebCamera_bsp/ps7_cortexa9_0/include/xbasic_types.h:115:2: warning: #warning The xbasics_type.h file is deprecated and users should use xil_types.h and xil_assert. [-Wcpp]
 #warning  The xbasics_type.h file is deprecated and users should use xil_types.h and xil_assert.
  ^~~~~~~
../../vfpWebCamera_bsp/ps7_cortexa9_0/include/xbasic_types.h:116:2: warning: #warning Please refer the Standalone BSP UG647 for further details [-Wcpp]
 #warning  Please refer the Standalone BSP UG647 for further details
  ^~~~~~~
../src/D5M/UART/uartio.c: In function 'uart_per_byte_read':
../src/D5M/UART/uartio.c:10:9: warning: implicit declaration of function 'read' [-Wimplicit-function-declaration]
         read(1, (char*) &uart_io, 1);
         ^~~~
../src/D5M/UART/uartio.c: In function 'uart_prompt_io':
../src/D5M/UART/uartio.c:54:13: warning: implicit declaration of function 'bit_expo' [-Wimplicit-function-declaration]
     nTemp = bit_expo(2, nNumberBits) - 1;
             ^~~~~~~~
../src/D5M/UART/uartio.c:95:12: warning: too many arguments for format [-Wformat-extra-args]
     printf("\r>>\r\n", nReturnVal);
            ^~~~~~~~~~
../src/D5M/UART/uartio.c: In function 'uartvalue':
../src/D5M/UART/uartio.c:164:27: warning: format '%X' expects argument of type 'unsigned int', but argument 2 has type 'u32 {aka long unsigned int}' [-Wformat=]
     printf("uarttester = %X\r\n", ascii_char);
                           ^
../src/D5M/UART/uartio.c:165:27: warning: format '%d' expects argument of type 'int', but argument 2 has type 'u32 {aka long unsigned int}' [-Wformat=]
     printf("uarttester = %d\r\n", ascii_char);
                           ^
../src/D5M/UART/uartio.c:166:27: warning: format '%i' expects argument of type 'int', but argument 2 has type 'u32 {aka long unsigned int}' [-Wformat=]
     printf("uarttester = %i\r\n", ascii_char);
                           ^
../src/D5M/UART/uartio.c:167:27: warning: format '%x' expects argument of type 'unsigned int', but argument 2 has type 'u32 {aka long unsigned int}' [-Wformat=]
     printf("uarttester = %x\r\n", ascii_char);
                           ^
../src/D5M/UART/uartio.c:168:27: warning: format '%c' expects argument of type 'int', but argument 2 has type 'u32 {aka long unsigned int}' [-Wformat=]
     printf("uarttester = %c\r\n", ascii_char);
                           ^
'Finished building: ../src/D5M/UART/uartio.c'
' '
'Building file: ../src/D5M/UART/utilities.c'
'Invoking: ARM v7 gcc compiler'
arm-none-eabi-gcc -Wall -O0 -g3 -c -fmessage-length=0 -MT"src/D5M/UART/utilities.o" -mcpu=cortex-a9 -mfpu=vfpv3 -mfloat-abi=hard -I../../vfpWebCamera_bsp/ps7_cortexa9_0/include -MMD -MP -MF"src/D5M/UART/utilities.d" -MT"src/D5M/UART/utilities.o" -o "src/D5M/UART/utilities.o" "../src/D5M/UART/utilities.c"
In file included from ../src/D5M/UART/utilities.h:1:0,
                 from ../src/D5M/UART/utilities.c:2:
../../vfpWebCamera_bsp/ps7_cortexa9_0/include/xbasic_types.h:115:2: warning: #warning The xbasics_type.h file is deprecated and users should use xil_types.h and xil_assert. [-Wcpp]
 #warning  The xbasics_type.h file is deprecated and users should use xil_types.h and xil_assert.
  ^~~~~~~
[...]
../../vfpWebCamera_bsp/ps7_cortexa9_0/include/xbasic_types.h:115:2: warning: #warning The xbasics_type.h file is deprecated and users should use xil_types.h and xil_assert. [-Wcpp]
 #warning  The xbasics_type.h file is deprecated and users should use xil_types.h and xil_assert.
  ^~~~~~~
../../vfpWebCamera_bsp/ps7_cortexa9_0/include/xbasic_types.h:116:2: warning: #warning Please refer the Standalone BSP UG647 for further details [-Wcpp]
 #warning  Please refer the Standalone BSP UG647 for further details
  ^~~~~~~
../src/D5M/UART/uartio.c: In function 'uart_per_byte_read':
../src/D5M/UART/uartio.c:10:9: warning: implicit declaration of function 'read' [-Wimplicit-function-declaration]
         read(1, (char*) &uart_io, 1);
         ^~~~
../src/D5M/UART/uartio.c: In function 'uart_prompt_io':
../src/D5M/UART/uartio.c:54:13: warning: implicit declaration of function 'bit_expo' [-Wimplicit-function-declaration]
     nTemp = bit_expo(2, nNumberBits) - 1;
             ^~~~~~~~
../src/D5M/UART/uartio.c:95:12: warning: too many arguments for format [-Wformat-extra-args]
     printf("\r>>\r\n", nReturnVal);
            ^~~~~~~~~~
../src/D5M/UART/uartio.c: In function 'uartvalue':
../src/D5M/UART/uartio.c:164:27: warning: format '%X' expects argument of type 'unsigned int', but argument 2 has type 'u32 {aka long unsigned int}' [-Wformat=]
     printf("uarttester = %X\r\n", ascii_char);
                           ^
../src/D5M/UART/uartio.c:165:27: warning: format '%d' expects argument of type 'int', but argument 2 has type 'u32 {aka long unsigned int}' [-Wformat=]
     printf("uarttester = %d\r\n", ascii_char);
                           ^
../src/D5M/UART/uartio.c:166:27: warning: format '%i' expects argument of type 'int', but argument 2 has type 'u32 {aka long unsigned int}' [-Wformat=]
     printf("uarttester = %i\r\n", ascii_char);
                           ^
../src/D5M/UART/uartio.c:167:27: warning: format '%x' expects argument of type 'unsigned int', but argument 2 has type 'u32 {aka long unsigned int}' [-Wformat=]
     printf("uarttester = %x\r\n", ascii_char);
                           ^
../src/D5M/UART/uartio.c:168:27: warning: format '%c' expects argument of type 'int', but argument 2 has type 'u32 {aka long unsigned int}' [-Wformat=]
     printf("uarttester = %c\r\n", ascii_char);
                           ^
'Finished building: ../src/D5M/UART/uartio.c'
' '
'Building file: ../src/D5M/UART/utilities.c'
'Invoking: ARM v7 gcc compiler'
arm-none-eabi-gcc -Wall -O0 -g3 -c -fmessage-length=0 -MT"src/D5M/UART/utilities.o" -mcpu=cortex-a9 -mfpu=vfpv3 -mfloat-abi=hard -I../../vfpWebCamera_bsp/ps7_cortexa9_0/include -MMD -MP -MF"src/D5M/UART/utilities.d" -MT"src/D5M/UART/utilities.o" -o "src/D5M/UART/utilities.o" "../src/D5M/UART/utilities.c"
In file included from ../src/D5M/UART/utilities.h:1:0,
                 from ../src/D5M/UART/utilities.c:2:
../../vfpWebCamera_bsp/ps7_cortexa9_0/include/xbasic_types.h:115:2: warning: #warning The xbasics_type.h file is deprecated and users should use xil_types.h and xil_assert. [-Wcpp]
 #warning  The xbasics_type.h file is deprecated and users should use xil_types.h and xil_assert.
  ^~~~~~~
../../vfpWebCamera_bsp/ps7_cortexa9_0/include/xbasic_types.h:116:2: warning: #warning Please refer the Standalone BSP UG647 for further details [-Wcpp]
 #warning  Please refer the Standalone BSP UG647 for further details
  ^~~~~~~
'Finished building: ../src/D5M/UART/utilities.c'
' '
'Building file: ../src/D5M/SDCARD/test_sd.c'
'Invoking: ARM v7 gcc compiler'
arm-none-eabi-gcc -Wall -O0 -g3 -c -fmessage-length=0 -MT"src/D5M/SDCARD/test_sd.o" -mcpu=cortex-a9 -mfpu=vfpv3 -mfloat-abi=hard -I../../vfpWebCamera_bsp/ps7_cortexa9_0/include -MMD -MP -MF"src/D5M/SDCARD/test_sd.d" -MT"src/D5M/SDCARD/test_sd.o" -o "src/D5M/SDCARD/test_sd.o" "../src/D5M/SDCARD/test_sd.c"
In file included from ../src/D5M/SDCARD/test_sd.c:14:0:
../src/D5M/SDCARD/xtra_func.h: In function 'load_sd_to_memory':
../src/D5M/SDCARD/xtra_func.h:55:10: warning: variable 'LineTemp' set but not used [-Wunused-but-set-variable]
   TCHAR *LineTemp = (TCHAR *) NULL;
          ^~~~~~~~
../src/D5M/SDCARD/test_sd.c: In function 'sd_card':
../src/D5M/SDCARD/test_sd.c:80:8: warning: this 'for' clause does not guard... [-Wmisleading-indentation]
        for (j=0; j < nwords - (NPROC-1)*FIFO_DEPTH; j++)
        ^~~
../src/D5M/SDCARD/test_sd.c:90:5: note: ...this statement, but the latter is misleadingly indented as if it is guarded by the 'for'
     xil_printf ("Writing binary file onto SD...\n");
     ^~~~~~~~~~
'Finished building: ../src/D5M/SDCARD/test_sd.c'
' '
'Building file: ../src/D5M/PLATFORM/platform.c'
'Invoking: ARM v7 gcc compiler'
arm-none-eabi-gcc -Wall -O0 -g3 -c -fmessage-length=0 -MT"src/D5M/PLATFORM/platform.o" -mcpu=cortex-a9 -mfpu=vfpv3 -mfloat-abi=hard -I../../vfpWebCamera_bsp/ps7_cortexa9_0/include -MMD -MP -MF"src/D5M/PLATFORM/platform.d" -MT"src/D5M/PLATFORM/platform.o" -o "src/D5M/PLATFORM/platform.o" "../src/D5M/PLATFORM/platform.c"
'Finished building: ../src/D5M/PLATFORM/platform.c'
' '
'Building file: ../src/D5M/MENU_CALLS/menu_calls.c'
'Invoking: ARM v7 gcc compiler'
arm-none-eabi-gcc -Wall -O0 -g3 -c -fmessage-length=0 -MT"src/D5M/MENU_CALLS/menu_calls.o" -mcpu=cortex-a9 -mfpu=vfpv3 -mfloat-abi=hard -I../../vfpWebCamera_bsp/ps7_cortexa9_0/include -MMD -MP -MF"src/D5M/MENU_CALLS/menu_calls.d" -MT"src/D5M/MENU_CALLS/menu_calls.o" -o "src/D5M/MENU_CALLS/menu_calls.o" "../src/D5M/MENU_CALLS/menu_calls.c"
In file included from ../src/D5M/MENU_CALLS/../HDMI_DISPLAY/../SYSTEM_CONFIG_HEADER/system_config_header.h:5:0,
                 from ../src/D5M/MENU_CALLS/../HDMI_DISPLAY/hdmi_display.h:4,
                 from ../src/D5M/MENU_CALLS/menu_calls.c:5:
../../vfpWebCamera_bsp/ps7_cortexa9_0/include/xbasic_types.h:115:2: warning: #warning The xbasics_type.h file is deprecated and users should use xil_types.h and xil_assert. [-Wcpp]
 #warning  The xbasics_type.h file is deprecated and users should use xil_types.h and xil_assert.
  ^~~~~~~
../../vfpWebCamera_bsp/ps7_cortexa9_0/include/xbasic_types.h:116:2: warning: #warning Please refer the Standalone BSP UG647 for further details [-Wcpp]
 #warning  Please refer the Standalone BSP UG647 for further details
  ^~~~~~~
../src/D5M/MENU_CALLS/menu_calls.c: In function 'menu_calls':
../src/D5M/MENU_CALLS/menu_calls.c:17:6: warning: type of 'ON_OFF' defaults to 'int' [-Wimplicit-int]
 void menu_calls(ON_OFF) {
      ^~~~~~~~~~
../src/D5M/MENU_CALLS/menu_calls.c:215:17: warning: unused variable 'offset' [-Wunused-variable]
             int offset;
                 ^~~~~~
../src/D5M/MENU_CALLS/menu_calls.c:36:9: warning: variable 'system_time' set but not used [-Wunused-but-set-variable]
     u32 system_time;
         ^~~~~~~~~~~
../src/D5M/MENU_CALLS/menu_calls.c:24:9: warning: unused variable 'address' [-Wunused-variable]
     u32 address;
         ^~~~~~~
'Finished building: ../src/D5M/MENU_CALLS/menu_calls.c'
' '
'Building file: ../src/D5M/I2C_D5M/i2c_d5m.c'
'Invoking: ARM v7 gcc compiler'
arm-none-eabi-gcc -Wall -O0 -g3 -c -fmessage-length=0 -MT"src/D5M/I2C_D5M/i2c_d5m.o" -mcpu=cortex-a9 -mfpu=vfpv3 -mfloat-abi=hard -I../../vfpWebCamera_bsp/ps7_cortexa9_0/include -MMD -MP -MF"src/D5M/I2C_D5M/i2c_d5m.d" -MT"src/D5M/I2C_D5M/i2c_d5m.o" -o "src/D5M/I2C_D5M/i2c_d5m.o" "../src/D5M/I2C_D5M/i2c_d5m.c"
In file included from ../src/D5M/I2C_D5M/i2c_d5m.h:1:0,
                 from ../src/D5M/I2C_D5M/i2c_d5m.c:2:
../../vfpWebCamera_bsp/ps7_cortexa9_0/include/xbasic_types.h:115:2: warning: #warning The xbasics_type.h file is deprecated and users should use xil_types.h and xil_assert. [-Wcpp]
 #warning  The xbasics_type.h file is deprecated and users should use xil_types.h and xil_assert.
  ^~~~~~~
../../vfpWebCamera_bsp/ps7_cortexa9_0/include/xbasic_types.h:116:2: warning: #warning Please refer the Standalone BSP UG647 for further details [-Wcpp]
 #warning  Please refer the Standalone BSP UG647 for further details
  ^~~~~~~
../src/D5M/I2C_D5M/i2c_d5m.c: In function 'd5m_registers_2xwrite':
../src/D5M/I2C_D5M/i2c_d5m.c:113:32: warning: format '%x' expects argument of type 'unsigned int', but argument 3 has type 'u32 {aka long unsigned int}' [-Wformat=]
     printf("address[%x],value[%x]\n", address,value);
                                ^
../src/D5M/I2C_D5M/i2c_d5m.c: In function 'camerawrite':
../src/D5M/I2C_D5M/i2c_d5m.c:129:9: warning: variable 'err' set but not used [-Wunused-but-set-variable]
     int err=0;
         ^~~
'Finished building: ../src/D5M/I2C_D5M/i2c_d5m.c'
' '
'Building file: ../src/D5M/HDMI_IIC/zed_iic_axi.c'
'Invoking: ARM v7 gcc compiler'
arm-none-eabi-gcc -Wall -O0 -g3 -c -fmessage-length=0 -MT"src/D5M/HDMI_IIC/zed_iic_axi.o" -mcpu=cortex-a9 -mfpu=vfpv3 -mfloat-abi=hard -I../../vfpWebCamera_bsp/ps7_cortexa9_0/include -MMD -MP -MF"src/D5M/HDMI_IIC/zed_iic_axi.d" -MT"src/D5M/HDMI_IIC/zed_iic_axi.o" -o "src/D5M/HDMI_IIC/zed_iic_axi.o" "../src/D5M/HDMI_IIC/zed_iic_axi.c"
In file included from ../src/D5M/HDMI_IIC/zed_iic_axi.c:3:0:
../../vfpWebCamera_bsp/ps7_cortexa9_0/include/xbasic_types.h:115:2: warning: #warning The xbasics_type.h file is deprecated and users should use xil_types.h and xil_assert. [-Wcpp]
 #warning  The xbasics_type.h file is deprecated and users should use xil_types.h and xil_assert.
  ^~~~~~~
../../vfpWebCamera_bsp/ps7_cortexa9_0/include/xbasic_types.h:116:2: warning: #warning Please refer the Standalone BSP UG647 for further details [-Wcpp]
 #warning  Please refer the Standalone BSP UG647 for further details
  ^~~~~~~
'Finished building: ../src/D5M/HDMI_IIC/zed_iic_axi.c'
' '
'Building file: ../src/D5M/HDMI_DISPLAY/hdmi_display.c'
'Invoking: ARM v7 gcc compiler'
arm-none-eabi-gcc -Wall -O0 -g3 -c -fmessage-length=0 -MT"src/D5M/HDMI_DISPLAY/hdmi_display.o" -mcpu=cortex-a9 -mfpu=vfpv3 -mfloat-abi=hard -I../../vfpWebCamera_bsp/ps7_cortexa9_0/include -MMD -MP -MF"src/D5M/HDMI_DISPLAY/hdmi_display.d" -MT"src/D5M/HDMI_DISPLAY/hdmi_display.o" -o "src/D5M/HDMI_DISPLAY/hdmi_display.o" "../src/D5M/HDMI_DISPLAY/hdmi_display.c"
In file included from ../src/D5M/HDMI_DISPLAY/../SYSTEM_CONFIG_HEADER/system_config_header.h:5:0,
                 from ../src/D5M/HDMI_DISPLAY/hdmi_display.h:4,
                 from ../src/D5M/HDMI_DISPLAY/hdmi_display.c:2:
../../vfpWebCamera_bsp/ps7_cortexa9_0/include/xbasic_types.h:115:2: warning: #warning The xbasics_type.h file is deprecated and users should use xil_types.h and xil_assert. [-Wcpp]
 #warning  The xbasics_type.h file is deprecated and users should use xil_types.h and xil_assert.
  ^~~~~~~
../../vfpWebCamera_bsp/ps7_cortexa9_0/include/xbasic_types.h:116:2: warning: #warning Please refer the Standalone BSP UG647 for further details [-Wcpp]
 #warning  Please refer the Standalone BSP UG647 for further details
  ^~~~~~~
../src/D5M/HDMI_DISPLAY/hdmi_display.c: In function 'colorBars_vdma_hdmi':
../src/D5M/HDMI_DISPLAY/hdmi_display.c:118:14: warning: 'return' with a value, in function returning void
       return -1;
              ^
../src/D5M/HDMI_DISPLAY/hdmi_display.c:108:6: note: declared here
 void colorBars_vdma_hdmi(hdmi_display_start *pvideo)
      ^~~~~~~~~~~~~~~~~~~
../src/D5M/HDMI_DISPLAY/hdmi_display.c: In function 'bars':
../src/D5M/HDMI_DISPLAY/hdmi_display.c:185:14: warning: 'return' with a value, in function returning void
       return -1;
              ^
../src/D5M/HDMI_DISPLAY/hdmi_display.c:175:6: note: declared here
 void bars(hdmi_display_start *pvideo)
      ^~~~
../src/D5M/HDMI_DISPLAY/hdmi_display.c:211:8: warning: unused variable 'menu_enable' [-Wunused-variable]
    u32 menu_enable  = 0;
        ^~~~~~~~~~~
../src/D5M/HDMI_DISPLAY/hdmi_display.c: In function 'buffer_vdma_hdmi':
../src/D5M/HDMI_DISPLAY/hdmi_display.c:283:9: warning: variable 'ret' set but not used [-Wunused-but-set-variable]
     int ret;
         ^~~
'Finished building: ../src/D5M/HDMI_DISPLAY/hdmi_display.c'
' '
'Building file: ../src/D5M/HDMI_DISPLAY/test.c'
'Invoking: ARM v7 gcc compiler'
arm-none-eabi-gcc -Wall -O0 -g3 -c -fmessage-length=0 -MT"src/D5M/HDMI_DISPLAY/test.o" -mcpu=cortex-a9 -mfpu=vfpv3 -mfloat-abi=hard -I../../vfpWebCamera_bsp/ps7_cortexa9_0/include -MMD -MP -MF"src/D5M/HDMI_DISPLAY/test.d" -MT"src/D5M/HDMI_DISPLAY/test.o" -o "src/D5M/HDMI_DISPLAY/test.o" "../src/D5M/HDMI_DISPLAY/test.c"
In file included from ../src/D5M/HDMI_DISPLAY/../SYSTEM_CONFIG_HEADER/system_config_header.h:5:0,
                 from ../src/D5M/HDMI_DISPLAY/hdmi_display.h:4,
                 from ../src/D5M/HDMI_DISPLAY/test.c:9:
../../vfpWebCamera_bsp/ps7_cortexa9_0/include/xbasic_types.h:115:2: warning: #warning The xbasics_type.h file is deprecated and users should use xil_types.h and xil_assert. [-Wcpp]
 #warning  The xbasics_type.h file is deprecated and users should use xil_types.h and xil_assert.
  ^~~~~~~
../../vfpWebCamera_bsp/ps7_cortexa9_0/include/xbasic_types.h:116:2: warning: #warning Please refer the Standalone BSP UG647 for further details [-Wcpp]
 #warning  Please refer the Standalone BSP UG647 for further details
  ^~~~~~~
../src/D5M/HDMI_DISPLAY/test.c:93:2: warning: #warning CHECK FOR THE VALID DDR ADDRESS IN XPARAMETERS.H, DEFAULT SET TO 0x01000000 [-Wcpp]
 #warning CHECK FOR THE VALID DDR ADDRESS IN XPARAMETERS.H, \
  ^~~~~~~
../src/D5M/HDMI_DISPLAY/test.c: In function 'VdmaStart':
../src/D5M/HDMI_DISPLAY/test.c:229:13: warning: initialization from incompatible pointer type [-Wincompatible-pointer-types]
  u16 *fptr =&frame;
             ^
../src/D5M/HDMI_DISPLAY/test.c:236:24: warning: unused variable 'FrameCfg' [-Wunused-variable]
  XAxiVdma_FrameCounter FrameCfg;
                        ^~~~~~~~
../src/D5M/HDMI_DISPLAY/test.c: At top level:
../src/D5M/HDMI_DISPLAY/test.c:194:12: warning: 'ReadSetup' declared 'static' but never defined [-Wunused-function]
 static int ReadSetup(XAxiVdma *InstancePtr);
            ^~~~~~~~~
../src/D5M/HDMI_DISPLAY/test.c:195:12: warning: 'WriteSetup' declared 'static' but never defined [-Wunused-function]
 static int WriteSetup(XAxiVdma * InstancePtr);
            ^~~~~~~~~~
../src/D5M/HDMI_DISPLAY/test.c:196:12: warning: 'StartTransfer' declared 'static' but never defined [-Wunused-function]
 static int StartTransfer(XAxiVdma *InstancePtr);
            ^~~~~~~~~~~~~
../src/D5M/HDMI_DISPLAY/test.c:197:12: warning: 'SetupIntrSystem' declared 'static' but never defined [-Wunused-function]
 static int SetupIntrSystem(XAxiVdma *AxiVdmaPtr, u16 ReadIntrId,
            ^~~~~~~~~~~~~~~
../src/D5M/HDMI_DISPLAY/test.c:199:13: warning: 'DisableIntrSystem' declared 'static' but never defined [-Wunused-function]
 static void DisableIntrSystem(u16 ReadIntrId, u16 WriteIntrId);
             ^~~~~~~~~~~~~~~~~
../src/D5M/HDMI_DISPLAY/test.c:202:13: warning: 'ReadCallBack' declared 'static' but never defined [-Wunused-function]
 static void ReadCallBack(void *CallbackRef, u32 Mask);
             ^~~~~~~~~~~~
../src/D5M/HDMI_DISPLAY/test.c:203:13: warning: 'ReadErrorCallBack' declared 'static' but never defined [-Wunused-function]
 static void ReadErrorCallBack(void *CallbackRef, u32 Mask);
             ^~~~~~~~~~~~~~~~~
../src/D5M/HDMI_DISPLAY/test.c:204:13: warning: 'WriteCallBack' declared 'static' but never defined [-Wunused-function]
 static void WriteCallBack(void *CallbackRef, u32 Mask);
             ^~~~~~~~~~~~~
../src/D5M/HDMI_DISPLAY/test.c:205:13: warning: 'WriteErrorCallBack' declared 'static' but never defined [-Wunused-function]
 static void WriteErrorCallBack(void *CallbackRef, u32 Mask);
             ^~~~~~~~~~~~~~~~~~
../src/D5M/HDMI_DISPLAY/test.c:192:12: warning: 'WriteError' defined but not used [-Wunused-variable]
 static int WriteError;
            ^~~~~~~~~~
../src/D5M/HDMI_DISPLAY/test.c:191:12: warning: 'WriteDone' defined but not used [-Wunused-variable]
 static int WriteDone;
            ^~~~~~~~~
../src/D5M/HDMI_DISPLAY/test.c:190:12: warning: 'ReadError' defined but not used [-Wunused-variable]
 static int ReadError;
            ^~~~~~~~~
../src/D5M/HDMI_DISPLAY/test.c:189:12: warning: 'ReadDone' defined but not used [-Wunused-variable]
 static int ReadDone;
            ^~~~~~~~
../src/D5M/HDMI_DISPLAY/test.c:172:16: warning: 'Intc' defined but not used [-Wunused-variable]
 static XScuGic Intc; /* Instance of the Interrupt Controller */
                ^~~~
'Finished building: ../src/D5M/HDMI_DISPLAY/test.c'
' '
'Building file: ../src/D5M/d5m.c'
'Invoking: ARM v7 gcc compiler'
arm-none-eabi-gcc -Wall -O0 -g3 -c -fmessage-length=0 -MT"src/D5M/d5m.o" -mcpu=cortex-a9 -mfpu=vfpv3 -mfloat-abi=hard -I../../vfpWebCamera_bsp/ps7_cortexa9_0/include -MMD -MP -MF"src/D5M/d5m.d" -MT"src/D5M/d5m.o" -o "src/D5M/d5m.o" "../src/D5M/d5m.c"
In file included from ../src/D5M/HDMI_DISPLAY/../SYSTEM_CONFIG_HEADER/system_config_header.h:5:0,
                 from ../src/D5M/HDMI_DISPLAY/hdmi_display.h:4,
                 from ../src/D5M/d5m.c:4:
../../vfpWebCamera_bsp/ps7_cortexa9_0/include/xbasic_types.h:115:2: warning: #warning The xbasics_type.h file is deprecated and users should use xil_types.h and xil_assert. [-Wcpp]
 #warning  The xbasics_type.h file is deprecated and users should use xil_types.h and xil_assert.
  ^~~~~~~
../../vfpWebCamera_bsp/ps7_cortexa9_0/include/xbasic_types.h:116:2: warning: #warning Please refer the Standalone BSP UG647 for further details [-Wcpp]
 #warning  Please refer the Standalone BSP UG647 for further details
  ^~~~~~~
'Finished building: ../src/D5M/d5m.c'
' '
'Building file: ../src/main.c'
'Invoking: ARM v7 gcc compiler'
arm-none-eabi-gcc -Wall -O0 -g3 -c -fmessage-length=0 -MT"src/main.o" -mcpu=cortex-a9 -mfpu=vfpv3 -mfloat-abi=hard -I../../vfpWebCamera_bsp/ps7_cortexa9_0/include -MMD -MP -MF"src/main.d" -MT"src/main.o" -o "src/main.o" "../src/main.c"
'Finished building: ../src/main.c'
' '
'Building target: vfpWebCamera.elf'
'Invoking: ARM v7 gcc linker'
arm-none-eabi-gcc -mcpu=cortex-a9 -mfpu=vfpv3 -mfloat-abi=hard -Wl,-build-id=none -specs=Xilinx.spec -Wl,-T -Wl,../src/lscript.ld -L../../vfpWebCamera_bsp/ps7_cortexa9_0/lib -o "vfpWebCamera.elf"  ./src/WEB/webserver/dispatch.o ./src/WEB/webserver/echo.o ./src/WEB/webserver/http_response.o ./src/WEB/webserver/platform_gpio.o ./src/WEB/webserver/web_utils.o ./src/WEB/webserver/webserver.o  ./src/WEB/tftpserver/tftpserver.o ./src/WEB/tftpserver/tftputils.o  ./src/WEB/rx_tx/rxperf.o ./src/WEB/rx_tx/txperf.o ./src/WEB/rx_tx/urxperf.o ./src/WEB/rx_tx/utxperf.o  ./src/WEB/prot_malloc/prot_malloc.o  ./src/WEB/eplatform/platform.o  ./src/WEB/web.o  ./src/D5M/VIDEO_RESOLUTION/video_resolution.o  ./src/D5M/VIDEO_GENERATOR/video_generator.o  ./src/D5M/VIDEO_FRAME_BUFFER/video_frame_buffer.o  ./src/D5M/VIDEO_CHANNEL/channel.o  ./src/D5M/UART/uartio.o ./src/D5M/UART/utilities.o  ./src/D5M/SDCARD/test_sd.o  ./src/D5M/PLATFORM/platform.o  ./src/D5M/MENU_CALLS/menu_calls.o  ./src/D5M/I2C_D5M/i2c_d5m.o  ./src/D5M/HDMI_IIC/zed_iic_axi.o  ./src/D5M/HDMI_DISPLAY/hdmi_display.o ./src/D5M/HDMI_DISPLAY/test.o  ./src/D5M/d5m.o  ./src/main.o   -Wl,--start-group,-lxil,-lgcc,-lc,--end-group -Wl,--start-group,-lxilffs,-lxil,-lgcc,-lc,--end-group -Wl,--start-group,-lxil,-llwip4,-lgcc,-lc,--end-group
'Finished building target: vfpWebCamera.elf'
' '
'Invoking: ARM v7 Print Size'
arm-none-eabi-size vfpWebCamera.elf  |tee "vfpWebCamera.elf.size"
   text	   data	    bss	    dec	    hex	filename
 289164	   5052	10541360	10835576	 a55678	vfpWebCamera.elf
'Finished building: vfpWebCamera.elf.size'
' '
23:09:39 **** Incremental Build of configuration Debug for project fsbl ****
make pre-build main-build 
a9-linaro-pre-build-step
' '
make: Nothing to be done for `main-build'.
23:09:40 **** Incremental Build of configuration Debug for project vfpWebCamera ****
make pre-build main-build 
a9-linaro-pre-build-step
' '
make: Nothing to be done for `main-build'.
23:10:00 **** Auto Build of configuration Debug for project vfpWebCamera ****
make pre-build main-build 
a9-linaro-pre-build-step
' '
make: Nothing to be done for `main-build'.
