#-----------------------------------------------------------
# hsi v2017.2 (64-bit)
# SW Build 1909853 on Thu Jun 15 18:39:09 MDT 2017
# 
# Start of session at: Thu Aug 29 20:04:19 2019
# Process ID: 14088
# Current directory: C:/Users/GATE/Documents/GitHub/D5MWEB/ZEDBOARD/workspace/hsi
# Command line: hsi.exe -source C:/Users/GATE/Documents/GitHub/D5MWEB/ZEDBOARD/scripts/script_hsi.tcl -tclargs --sw_list {{id appname steps OS-Name UART data01_file data01_load data01_offset data02_file data02_load data02_offset} {0 zynq_fsbl FSBL standalone NA NA NA NA NA NA NA} {2 hello_world 0 standalone NA NA NA NA NA NA NA} {3 u-boot 1 petalinux NA NA NA NA NA NA NA}} --lib C:/Users/GATE/Documents/GitHub/D5MWEB/ZEDBOARD/sw_lib --vivrun -mode tcl
# Log file: C:/Users/GATE/Documents/GitHub/D5MWEB/ZEDBOARD/workspace/hsi/hsi.log
# Journal file: C:/Users/GATE/Documents/GitHub/D5MWEB/ZEDBOARD/workspace/hsi\hsi.jou
#-----------------------------------------------------------
start_gui
source C:/Users/GATE/Documents/GitHub/D5MWEB/ZEDBOARD/scripts/script_hsi.tcl
